Component: ARM Compiler 5.06 update 6 (build 750) Tool: armlink [4d35ed]

==============================================================================

Section Cross References

    startup_stm32f103xb.o(RESET) refers to startup_stm32f103xb.o(STACK) for __initial_sp
    startup_stm32f103xb.o(RESET) refers to startup_stm32f103xb.o(.text) for Reset_Handler
    startup_stm32f103xb.o(RESET) refers to stm32f1xx_it.o(i.NMI_Handler) for NMI_Handler
    startup_stm32f103xb.o(RESET) refers to stm32f1xx_it.o(i.HardFault_Handler) for HardFault_Handler
    startup_stm32f103xb.o(RESET) refers to stm32f1xx_it.o(i.MemManage_Handler) for MemManage_Handler
    startup_stm32f103xb.o(RESET) refers to stm32f1xx_it.o(i.BusFault_Handler) for BusFault_Handler
    startup_stm32f103xb.o(RESET) refers to stm32f1xx_it.o(i.UsageFault_Handler) for UsageFault_Handler
    startup_stm32f103xb.o(RESET) refers to port.o(.emb_text) for SVC_Handler
    startup_stm32f103xb.o(RESET) refers to stm32f1xx_it.o(i.DebugMon_Handler) for DebugMon_Handler
    startup_stm32f103xb.o(RESET) refers to stm32f1xx_it.o(i.SysTick_Handler) for SysTick_Handler
    startup_stm32f103xb.o(RESET) refers to stm32f1xx_it.o(i.DMA1_Channel1_IRQHandler) for DMA1_Channel1_IRQHandler
    startup_stm32f103xb.o(.text) refers to system_stm32f1xx.o(i.SystemInit) for SystemInit
    startup_stm32f103xb.o(.text) refers to entry.o(.ARM.Collect$$$$00000000) for __main
    main.o(i.SystemClock_Config) refers to memseta.o(.text) for __aeabi_memclr4
    main.o(i.SystemClock_Config) refers to stm32f1xx_hal_rcc.o(i.HAL_RCC_OscConfig) for HAL_RCC_OscConfig
    main.o(i.SystemClock_Config) refers to main.o(i.Error_Handler) for Error_Handler
    main.o(i.SystemClock_Config) refers to stm32f1xx_hal_rcc.o(i.HAL_RCC_ClockConfig) for HAL_RCC_ClockConfig
    main.o(i.SystemClock_Config) refers to stm32f1xx_hal_rcc_ex.o(i.HAL_RCCEx_PeriphCLKConfig) for HAL_RCCEx_PeriphCLKConfig
    main.o(i.main) refers to int_si24r1.o(i.Int_SI24R1_Init) for Int_SI24R1_Init
    main.o(i.main) refers to app_freertos_task.o(i.App_FreeRTOS_Task_Init) for App_FreeRTOS_Task_Init
    main.o(i.main) refers to stm32f1xx_hal.o(i.HAL_Init) for HAL_Init
    main.o(i.main) refers to main.o(i.SystemClock_Config) for SystemClock_Config
    main.o(i.main) refers to gpio.o(i.MX_GPIO_Init) for MX_GPIO_Init
    main.o(i.main) refers to dma.o(i.MX_DMA_Init) for MX_DMA_Init
    main.o(i.main) refers to usart.o(i.MX_USART1_UART_Init) for MX_USART1_UART_Init
    main.o(i.main) refers to spi.o(i.MX_SPI1_Init) for MX_SPI1_Init
    main.o(i.main) refers to adc.o(i.MX_ADC1_Init) for MX_ADC1_Init
    main.o(i.main) refers to strrchr.o(.text) for strrchr
    main.o(i.main) refers to printf3.o(i.__0printf$3) for __2printf
    gpio.o(i.MX_GPIO_Init) refers to stm32f1xx_hal_gpio.o(i.HAL_GPIO_WritePin) for HAL_GPIO_WritePin
    gpio.o(i.MX_GPIO_Init) refers to stm32f1xx_hal_gpio.o(i.HAL_GPIO_Init) for HAL_GPIO_Init
    adc.o(i.HAL_ADC_MspDeInit) refers to stm32f1xx_hal_gpio.o(i.HAL_GPIO_DeInit) for HAL_GPIO_DeInit
    adc.o(i.HAL_ADC_MspDeInit) refers to stm32f1xx_hal_dma.o(i.HAL_DMA_DeInit) for HAL_DMA_DeInit
    adc.o(i.HAL_ADC_MspInit) refers to stm32f1xx_hal_gpio.o(i.HAL_GPIO_Init) for HAL_GPIO_Init
    adc.o(i.HAL_ADC_MspInit) refers to stm32f1xx_hal_dma.o(i.HAL_DMA_Init) for HAL_DMA_Init
    adc.o(i.HAL_ADC_MspInit) refers to main.o(i.Error_Handler) for Error_Handler
    adc.o(i.HAL_ADC_MspInit) refers to adc.o(.bss) for hdma_adc1
    adc.o(i.MX_ADC1_Init) refers to stm32f1xx_hal_adc.o(i.HAL_ADC_Init) for HAL_ADC_Init
    adc.o(i.MX_ADC1_Init) refers to main.o(i.Error_Handler) for Error_Handler
    adc.o(i.MX_ADC1_Init) refers to stm32f1xx_hal_adc.o(i.HAL_ADC_ConfigChannel) for HAL_ADC_ConfigChannel
    adc.o(i.MX_ADC1_Init) refers to adc.o(.bss) for hadc1
    dma.o(i.MX_DMA_Init) refers to stm32f1xx_hal_cortex.o(i.HAL_NVIC_SetPriority) for HAL_NVIC_SetPriority
    dma.o(i.MX_DMA_Init) refers to stm32f1xx_hal_cortex.o(i.HAL_NVIC_EnableIRQ) for HAL_NVIC_EnableIRQ
    spi.o(i.HAL_SPI_MspDeInit) refers to stm32f1xx_hal_gpio.o(i.HAL_GPIO_DeInit) for HAL_GPIO_DeInit
    spi.o(i.HAL_SPI_MspInit) refers to stm32f1xx_hal_gpio.o(i.HAL_GPIO_Init) for HAL_GPIO_Init
    spi.o(i.MX_SPI1_Init) refers to stm32f1xx_hal_spi.o(i.HAL_SPI_Init) for HAL_SPI_Init
    spi.o(i.MX_SPI1_Init) refers to main.o(i.Error_Handler) for Error_Handler
    spi.o(i.MX_SPI1_Init) refers to spi.o(.bss) for hspi1
    usart.o(i.HAL_UART_MspDeInit) refers to stm32f1xx_hal_gpio.o(i.HAL_GPIO_DeInit) for HAL_GPIO_DeInit
    usart.o(i.HAL_UART_MspInit) refers to stm32f1xx_hal_gpio.o(i.HAL_GPIO_Init) for HAL_GPIO_Init
    usart.o(i.MX_USART1_UART_Init) refers to stm32f1xx_hal_uart.o(i.HAL_UART_Init) for HAL_UART_Init
    usart.o(i.MX_USART1_UART_Init) refers to main.o(i.Error_Handler) for Error_Handler
    usart.o(i.MX_USART1_UART_Init) refers to usart.o(.bss) for huart1
[...]
    Removing stm32f1xx_hal_uart.o(i.HAL_UART_AbortTransmit), (124 bytes).
    Removing stm32f1xx_hal_uart.o(i.HAL_UART_AbortTransmitCpltCallback), (2 bytes).
    Removing stm32f1xx_hal_uart.o(i.HAL_UART_AbortTransmit_IT), (144 bytes).
    Removing stm32f1xx_hal_uart.o(i.HAL_UART_Abort_IT), (328 bytes).
    Removing stm32f1xx_hal_uart.o(i.HAL_UART_DMAPause), (166 bytes).
    Removing stm32f1xx_hal_uart.o(i.HAL_UART_DMAResume), (170 bytes).
    Removing stm32f1xx_hal_uart.o(i.HAL_UART_DMAStop), (138 bytes).
    Removing stm32f1xx_hal_uart.o(i.HAL_UART_DeInit), (62 bytes).
    Removing stm32f1xx_hal_uart.o(i.HAL_UART_ErrorCallback), (2 bytes).
    Removing stm32f1xx_hal_uart.o(i.HAL_UART_GetError), (6 bytes).
    Removing stm32f1xx_hal_uart.o(i.HAL_UART_GetState), (20 bytes).
    Removing stm32f1xx_hal_uart.o(i.HAL_UART_IRQHandler), (740 bytes).
    Removing stm32f1xx_hal_uart.o(i.HAL_UART_MspDeInit), (2 bytes).
    Removing stm32f1xx_hal_uart.o(i.HAL_UART_MspInit), (2 bytes).
    Removing stm32f1xx_hal_uart.o(i.HAL_UART_Receive), (194 bytes).
    Removing stm32f1xx_hal_uart.o(i.HAL_UART_Receive_DMA), (44 bytes).
    Removing stm32f1xx_hal_uart.o(i.HAL_UART_Receive_IT), (44 bytes).
    Removing stm32f1xx_hal_uart.o(i.HAL_UART_RxCpltCallback), (2 bytes).
    Removing stm32f1xx_hal_uart.o(i.HAL_UART_RxHalfCpltCallback), (2 bytes).
    Removing stm32f1xx_hal_uart.o(i.HAL_UART_Transmit_DMA), (140 bytes).
    Removing stm32f1xx_hal_uart.o(i.HAL_UART_Transmit_IT), (56 bytes).
    Removing stm32f1xx_hal_uart.o(i.HAL_UART_TxCpltCallback), (2 bytes).
    Removing stm32f1xx_hal_uart.o(i.HAL_UART_TxHalfCpltCallback), (2 bytes).
    Removing stm32f1xx_hal_uart.o(i.UART_DMAAbortOnError), (20 bytes).
    Removing stm32f1xx_hal_uart.o(i.UART_DMAError), (80 bytes).
    Removing stm32f1xx_hal_uart.o(i.UART_DMAReceiveCplt), (180 bytes).
    Removing stm32f1xx_hal_uart.o(i.UART_DMARxAbortCallback), (56 bytes).
    Removing stm32f1xx_hal_uart.o(i.UART_DMARxHalfCplt), (36 bytes).
    Removing stm32f1xx_hal_uart.o(i.UART_DMARxOnlyAbortCallback), (28 bytes).
    Removing stm32f1xx_hal_uart.o(i.UART_DMATransmitCplt), (88 bytes).
    Removing stm32f1xx_hal_uart.o(i.UART_DMATxAbortCallback), (56 bytes).
    Removing stm32f1xx_hal_uart.o(i.UART_DMATxHalfCplt), (14 bytes).
    Removing stm32f1xx_hal_uart.o(i.UART_DMATxOnlyAbortCallback), (24 bytes).
    Removing stm32f1xx_hal_uart.o(i.UART_EndTransmit_IT), (32 bytes).
    Removing stm32f1xx_hal_uart.o(i.UART_EndTxTransfer), (38 bytes).
    Removing stm32f1xx_hal_uart.o(i.UART_Receive_IT), (252 bytes).
    Removing stm32f1xx_hal_uart.o(i.UART_Start_Receive_DMA), (200 bytes).
    Removing stm32f1xx_hal_uart.o(i.UART_Start_Receive_IT), (64 bytes).
    Removing stm32f1xx_hal_uart.o(i.UART_Transmit_IT), (96 bytes).
    Removing system_stm32f1xx.o(.rev16_text), (4 bytes).
    Removing system_stm32f1xx.o(.revsh_text), (4 bytes).
    Removing system_stm32f1xx.o(.rrx_text), (6 bytes).
    Removing system_stm32f1xx.o(i.SystemCoreClockUpdate), (164 bytes).
    Removing com_debug.o(.rev16_text), (4 bytes).
    Removing com_debug.o(.revsh_text), (4 bytes).
    Removing com_debug.o(.rrx_text), (6 bytes).
    Removing event_groups.o(i.prvTestWaitCondition), (30 bytes).
    Removing event_groups.o(i.vEventGroupClearBitsCallback), (16 bytes).
    Removing event_groups.o(i.vEventGroupDelete), (42 bytes).
    Removing event_groups.o(i.vEventGroupSetBitsCallback), (16 bytes).
    Removing event_groups.o(i.xEventGroupClearBits), (32 bytes).
    Removing event_groups.o(i.xEventGroupCreate), (26 bytes).
    Removing event_groups.o(i.xEventGroupGetBitsFromISR), (44 bytes).
    Removing event_groups.o(i.xEventGroupSetBits), (146 bytes).
    Removing event_groups.o(i.xEventGroupSync), (168 bytes).
    Removing event_groups.o(i.xEventGroupWaitBits), (204 bytes).
    Removing list.o(i.vListInsertEnd), (24 bytes).
    Removing queue.o(i.prvCopyDataFromQueue), (42 bytes).
    Removing queue.o(i.prvCopyDataToQueue), (106 bytes).
    Removing queue.o(i.prvInitialiseNewQueue), (38 bytes).
    Removing queue.o(i.prvIsQueueEmpty), (26 bytes).
    Removing queue.o(i.prvIsQueueFull), (30 bytes).
    Removing queue.o(i.prvUnlockQueue), (126 bytes).
    Removing queue.o(i.uxQueueMessagesWaiting), (18 bytes).
    Removing queue.o(i.uxQueueMessagesWaitingFromISR), (8 bytes).
    Removing queue.o(i.uxQueueSpacesAvailable), (24 bytes).
    Removing queue.o(i.vQueueDelete), (14 bytes).
    Removing queue.o(i.xQueueGenericCreate), (76 bytes).
    Removing queue.o(i.xQueueGenericReset), (160 bytes).
    Removing queue.o(i.xQueueGenericSend), (280 bytes).
    Removing queue.o(i.xQueueGenericSendFromISR), (152 bytes).
    Removing queue.o(i.xQueueGiveFromISR), (132 bytes).
    Removing queue.o(i.xQueueIsQueueEmptyFromISR), (16 bytes).
    Removing queue.o(i.xQueueIsQueueFullFromISR), (22 bytes).
    Removing queue.o(i.xQueuePeek), (268 bytes).
    Removing queue.o(i.xQueuePeekFromISR), (74 bytes).
    Removing queue.o(i.xQueueReceive), (260 bytes).
    Removing queue.o(i.xQueueReceiveFromISR), (140 bytes).
    Removing queue.o(i.xQueueSemaphoreTake), (240 bytes).
    Removing stream_buffer.o(i.prvBytesInBuffer), (24 bytes).
    Removing stream_buffer.o(i.prvInitialiseNewStreamBuffer), (42 bytes).
    Removing stream_buffer.o(i.prvReadBytesFromBuffer), (76 bytes).
    Removing stream_buffer.o(i.prvReadMessageFromBuffer), (90 bytes).
    Removing stream_buffer.o(i.prvWriteBytesToBuffer), (76 bytes).
    Removing stream_buffer.o(i.prvWriteMessageToBuffer), (88 bytes).
    Removing stream_buffer.o(i.vStreamBufferDelete), (32 bytes).
    Removing stream_buffer.o(i.xStreamBufferBytesAvailable), (18 bytes).
    Removing stream_buffer.o(i.xStreamBufferGenericCreate), (82 bytes).
    Removing stream_buffer.o(i.xStreamBufferIsEmpty), (22 bytes).
    Removing stream_buffer.o(i.xStreamBufferIsFull), (40 bytes).
    Removing stream_buffer.o(i.xStreamBufferNextMessageLengthBytes), (52 bytes).
    Removing stream_buffer.o(i.xStreamBufferReceive), (176 bytes).
    Removing stream_buffer.o(i.xStreamBufferReceiveCompletedFromISR), (80 bytes).
    Removing stream_buffer.o(i.xStreamBufferReceiveFromISR), (132 bytes).
    Removing stream_buffer.o(i.xStreamBufferReset), (56 bytes).
    Removing stream_buffer.o(i.xStreamBufferSend), (226 bytes).
    Removing stream_buffer.o(i.xStreamBufferSendCompletedFromISR), (80 bytes).
    Removing stream_buffer.o(i.xStreamBufferSendFromISR), (134 bytes).
    Removing stream_buffer.o(i.xStreamBufferSetTriggerLevel), (26 bytes).
    Removing stream_buffer.o(i.xStreamBufferSpacesAvailable), (40 bytes).
    Removing tasks.o(i.pcTaskGetName), (24 bytes).
    Removing tasks.o(i.prvTaskIsTaskSuspended), (64 bytes).
    Removing tasks.o(i.ulTaskGenericNotifyTake), (136 bytes).
    Removing tasks.o(i.ulTaskGenericNotifyValueClear), (64 bytes).
    Removing tasks.o(i.uxTaskGetNumberOfTasks), (12 bytes).
    Removing tasks.o(i.uxTaskPriorityGet), (36 bytes).
    Removing tasks.o(i.uxTaskPriorityGetFromISR), (56 bytes).
    Removing tasks.o(i.uxTaskResetEventItemValue), (28 bytes).
    Removing tasks.o(i.vTaskDelete), (212 bytes).
    Removing tasks.o(i.vTaskEndScheduler), (36 bytes).
    Removing tasks.o(i.vTaskGenericNotifyGiveFromISR), (336 bytes).
    Removing tasks.o(i.vTaskInternalSetTimeOutState), (24 bytes).
    Removing tasks.o(i.vTaskMissedYield), (12 bytes).
    Removing tasks.o(i.vTaskPlaceOnEventList), (32 bytes).
    Removing tasks.o(i.vTaskPlaceOnUnorderedEventList), (80 bytes).
    Removing tasks.o(i.vTaskPrioritySet), (284 bytes).
    Removing tasks.o(i.vTaskRemoveFromUnorderedEventList), (208 bytes).
    Removing tasks.o(i.vTaskResume), (172 bytes).
    Removing tasks.o(i.vTaskSetTimeOutState), (36 bytes).
    Removing tasks.o(i.vTaskSuspend), (216 bytes).
    Removing tasks.o(i.xTaskCatchUpTicks), (40 bytes).
    Removing tasks.o(i.xTaskCheckForTimeOut), (96 bytes).
    Removing tasks.o(i.xTaskGenericNotify), (332 bytes).
    Removing tasks.o(i.xTaskGenericNotifyFromISR), (504 bytes).
    Removing tasks.o(i.xTaskGenericNotifyStateClear), (64 bytes).
    Removing tasks.o(i.xTaskGenericNotifyWait), (172 bytes).
    Removing tasks.o(i.xTaskGetCurrentTaskHandle), (12 bytes).
    Removing tasks.o(i.xTaskGetTickCountFromISR), (12 bytes).
    Removing tasks.o(i.xTaskRemoveFromEventList), (264 bytes).
    Removing tasks.o(i.xTaskResumeFromISR), (216 bytes).
    Removing heap_4.o(i.pvPortCalloc), (54 bytes).
    Removing heap_4.o(i.vPortGetHeapStats), (128 bytes).
    Removing heap_4.o(i.vPortInitialiseBlocks), (2 bytes).
    Removing heap_4.o(i.xPortGetFreeHeapSize), (12 bytes).
    Removing heap_4.o(i.xPortGetMinimumEverFreeHeapSize), (12 bytes).
    Removing port.o(i.vPortEndScheduler), (2 bytes).
    Removing app_freertos_task.o(.rev16_text), (4 bytes).
    Removing app_freertos_task.o(.revsh_text), (4 bytes).
    Removing app_freertos_task.o(.rrx_text), (6 bytes).
    Removing int_ip5305t.o(.rev16_text), (4 bytes).
    Removing int_ip5305t.o(.revsh_text), (4 bytes).
    Removing int_ip5305t.o(.rrx_text), (6 bytes).
    Removing int_si24r1.o(.rev16_text), (4 bytes).
    Removing int_si24r1.o(.revsh_text), (4 bytes).
    Removing int_si24r1.o(.rrx_text), (6 bytes).
    Removing int_si24r1.o(i.Int_SI24R1_RxPacket), (52 bytes).
    Removing int_key.o(.rev16_text), (4 bytes).
    Removing int_key.o(.revsh_text), (4 bytes).
    Removing int_key.o(.rrx_text), (6 bytes).
    Removing int_joystick.o(.rev16_text), (4 bytes).
    Removing int_joystick.o(.revsh_text), (4 bytes).
    Removing int_joystick.o(.rrx_text), (6 bytes).
    Removing dadd.o(.text), (334 bytes).
    Removing dmul.o(.text), (228 bytes).
    Removing ddiv.o(.text), (222 bytes).
    Removing dfixul.o(.text), (48 bytes).
    Removing cdrcmple.o(.text), (48 bytes).
    Removing depilogue.o(.text), (186 bytes).

446 unused section(s) (total 34268 bytes) removed from the image.

==============================================================================

Image Symbol Table

    Local Symbols

    Symbol Name                              Value     Ov Type        Size  Object(Section)

    ../Core/Src/adc.c                        0x00000000   Number         0  adc.o ABSOLUTE
    ../Core/Src/dma.c                        0x00000000   Number         0  dma.o ABSOLUTE
    ../Core/Src/gpio.c                       0x00000000   Number         0  gpio.o ABSOLUTE
    ../Core/Src/main.c                       0x00000000   Number         0  main.o ABSOLUTE
    ../Core/Src/spi.c                        0x00000000   Number         0  spi.o ABSOLUTE
    ../Core/Src/stm32f1xx_hal_msp.c          0x00000000   Number         0  stm32f1xx_hal_msp.o ABSOLUTE
    ../Core/Src/stm32f1xx_it.c               0x00000000   Number         0  stm32f1xx_it.o ABSOLUTE
    ../Core/Src/system_stm32f1xx.c           0x00000000   Number         0  system_stm32f1xx.o ABSOLUTE
    ../Core/Src/usart.c                      0x00000000   Number         0  usart.o ABSOLUTE
    ../Drivers/STM32F1xx_HAL_Driver/Src/stm32f1xx_hal.c 0x00000000   Number         0  stm32f1xx_hal.o ABSOLUTE
    ../Drivers/STM32F1xx_HAL_Driver/Src/stm32f1xx_hal_adc.c 0x00000000   Number         0  stm32f1xx_hal_adc.o ABSOLUTE
    ../Drivers/STM32F1xx_HAL_Driver/Src/stm32f1xx_hal_adc_ex.c 0x00000000   Number         0  stm32f1xx_hal_adc_ex.o ABSOLUTE
    ../Drivers/STM32F1xx_HAL_Driver/Src/stm32f1xx_hal_cortex.c 0x00000000   Number         0  stm32f1xx_hal_cortex.o ABSOLUTE
    ../Drivers/STM32F1xx_HAL_Driver/Src/stm32f1xx_hal_dma.c 0x00000000   Number         0  stm32f1xx_hal_dma.o ABSOLUTE
    ../Drivers/STM32F1xx_HAL_Driver/Src/stm32f1xx_hal_exti.c 0x00000000   Number         0  stm32f1xx_hal_exti.o ABSOLUTE
    ../Drivers/STM32F1xx_HAL_Driver/Src/stm32f1xx_hal_flash.c 0x00000000   Number         0  stm32f1xx_hal_flash.o ABSOLUTE
    ../Drivers/STM32F1xx_HAL_Driver/Src/stm32f1xx_hal_flash_ex.c 0x00000000   Number         0  stm32f1xx_hal_flash_ex.o ABSOLUTE
    ../Drivers/STM32F1xx_HAL_Driver/Src/stm32f1xx_hal_gpio.c 0x00000000   Number         0  stm32f1xx_hal_gpio.o ABSOLUTE
    ../Drivers/STM32F1xx_HAL_Driver/Src/stm32f1xx_hal_gpio_ex.c 0x00000000   Number         0  stm32f1xx_hal_gpio_ex.o ABSOLUTE
    ../Drivers/STM32F1xx_HAL_Driver/Src/stm32f1xx_hal_pwr.c 0x00000000   Number         0  stm32f1xx_hal_pwr.o ABSOLUTE
    ../Drivers/STM32F1xx_HAL_Driver/Src/stm32f1xx_hal_rcc.c 0x00000000   Number         0  stm32f1xx_hal_rcc.o ABSOLUTE
    ../Drivers/STM32F1xx_HAL_Driver/Src/stm32f1xx_hal_rcc_ex.c 0x00000000   Number         0  stm32f1xx_hal_rcc_ex.o ABSOLUTE
    ../Drivers/STM32F1xx_HAL_Driver/Src/stm32f1xx_hal_spi.c 0x00000000   Number         0  stm32f1xx_hal_spi.o ABSOLUTE
    ../Drivers/STM32F1xx_HAL_Driver/Src/stm32f1xx_hal_uart.c 0x00000000   Number         0  stm32f1xx_hal_uart.o ABSOLUTE
    ../clib/microlib/division.c              0x00000000   Number         0  uidiv.o ABSOLUTE
    ../clib/microlib/division.c              0x00000000   Number         0  uldiv.o ABSOLUTE
    ../clib/microlib/init/entry.s            0x00000000   Number         0  entry8a.o ABSOLUTE
    ../clib/microlib/init/entry.s            0x00000000   Number         0  entry8b.o ABSOLUTE
    ../clib/microlib/init/entry.s            0x00000000   Number         0  entry11a.o ABSOLUTE
    ../clib/microlib/init/entry.s            0x00000000   Number         0  entry7b.o ABSOLUTE
    ../clib/microlib/init/entry.s            0x00000000   Number         0  entry7a.o ABSOLUTE
    ../clib/microlib/init/entry.s            0x00000000   Number         0  entry10b.o ABSOLUTE
    ../clib/microlib/init/entry.s            0x00000000   Number         0  entry5.o ABSOLUTE
    ../clib/microlib/init/entry.s            0x00000000   Number         0  entry9b.o ABSOLUTE
    ../clib/microlib/init/entry.s            0x00000000   Number         0  entry10a.o ABSOLUTE
    ../clib/microlib/init/entry.s            0x00000000   Number         0  entry11b.o ABSOLUTE
    ../clib/microlib/init/entry.s            0x00000000   Number         0  entry2.o ABSOLUTE
    ../clib/microlib/init/entry.s            0x00000000   Number         0  entry.o ABSOLUTE
    ../clib/microlib/init/entry.s            0x00000000   Number         0  entry9a.o ABSOLUTE
    ../clib/microlib/longlong.c              0x00000000   Number         0  llsshr.o ABSOLUTE
    ../clib/microlib/longlong.c              0x00000000   Number         0  llushr.o ABSOLUTE
    ../clib/microlib/longlong.c              0x00000000   Number         0  llshl.o ABSOLUTE
    ../clib/microlib/printf/printf.c         0x00000000   Number         0  printfa.o ABSOLUTE
    ../clib/microlib/printf/printf.c         0x00000000   Number         0  printfb.o ABSOLUTE
    ../clib/microlib/printf/printf.c         0x00000000   Number         0  printf0.o ABSOLUTE
    ../clib/microlib/printf/printf.c         0x00000000   Number         0  printf1.o ABSOLUTE
    ../clib/microlib/printf/printf.c         0x00000000   Number         0  printf7.o ABSOLUTE
    ../clib/microlib/printf/printf.c         0x00000000   Number         0  printf8.o ABSOLUTE
    ../clib/microlib/printf/printf.c         0x00000000   Number         0  printf5.o ABSOLUTE
    ../clib/microlib/printf/printf.c         0x00000000   Number         0  printf4.o ABSOLUTE
    ../clib/microlib/printf/printf.c         0x00000000   Number         0  printf2.o ABSOLUTE
    ../clib/microlib/printf/printf.c         0x00000000   Number         0  printf3.o ABSOLUTE
    ../clib/microlib/printf/printf.c         0x00000000   Number         0  printf6.o ABSOLUTE
    ../clib/microlib/printf/stubs.s          0x00000000   Number         0  stubs.o ABSOLUTE
    ../clib/microlib/stdio/streams.c         0x00000000   Number         0  stdout.o ABSOLUTE
    ../clib/microlib/string/memcpy.c         0x00000000   Number         0  memcpyb.o ABSOLUTE
    ../clib/microlib/string/memcpy.c         0x00000000   Number         0  memcpya.o ABSOLUTE
    ../clib/microlib/string/memset.c         0x00000000   Number         0  memseta.o ABSOLUTE
    ../clib/microlib/string/strrchr.c        0x00000000   Number         0  strrchr.o ABSOLUTE
    ../clib/microlib/stubs.s                 0x00000000   Number         0  iusefp.o ABSOLUTE
    ../fplib/microlib/fpadd.c                0x00000000   Number         0  dadd.o ABSOLUTE
    ../fplib/microlib/fpdiv.c                0x00000000   Number         0  ddiv.o ABSOLUTE
    ../fplib/microlib/fpepilogue.c           0x00000000   Number         0  depilogue.o ABSOLUTE
    ../fplib/microlib/fpfix.c                0x00000000   Number         0  dfixul.o ABSOLUTE
    ../fplib/microlib/fpmul.c                0x00000000   Number         0  dmul.o ABSOLUTE
    ..\Core\Src\adc.c                        0x00000000   Number         0  adc.o ABSOLUTE
    ..\Core\Src\dma.c                        0x00000000   Number         0  dma.o ABSOLUTE
    ..\Core\Src\gpio.c                       0x00000000   Number         0  gpio.o ABSOLUTE
    ..\Core\Src\main.c                       0x00000000   Number         0  main.o ABSOLUTE
    ..\Core\Src\spi.c                        0x00000000   Number         0  spi.o ABSOLUTE
    ..\Core\Src\stm32f1xx_hal_msp.c          0x00000000   Number         0  stm32f1xx_hal_msp.o ABSOLUTE
    ..\Core\Src\stm32f1xx_it.c               0x00000000   Number         0  stm32f1xx_it.o ABSOLUTE
    ..\Core\Src\system_stm32f1xx.c           0x00000000   Number         0  system_stm32f1xx.o ABSOLUTE
    ..\Core\Src\usart.c                      0x00000000   Number         0  usart.o ABSOLUTE
    ..\Drivers\STM32F1xx_HAL_Driver\Src\stm32f1xx_hal.c 0x00000000   Number         0  stm32f1xx_hal.o ABSOLUTE
    ..\Drivers\STM32F1xx_HAL_Driver\Src\stm32f1xx_hal_adc.c 0x00000000   Number         0  stm32f1xx_hal_adc.o ABSOLUTE
    ..\Drivers\STM32F1xx_HAL_Driver\Src\stm32f1xx_hal_adc_ex.c 0x00000000   Number         0  stm32f1xx_hal_adc_ex.o ABSOLUTE
    ..\Drivers\STM32F1xx_HAL_Driver\Src\stm32f1xx_hal_cortex.c 0x00000000   Number         0  stm32f1xx_hal_cortex.o ABSOLUTE
    ..\Drivers\STM32F1xx_HAL_Driver\Src\stm32f1xx_hal_dma.c 0x00000000   Number         0  stm32f1xx_hal_dma.o ABSOLUTE
    ..\Drivers\STM32F1xx_HAL_Driver\Src\stm32f1xx_hal_exti.c 0x00000000   Number         0  stm32f1xx_hal_exti.o ABSOLUTE
    ..\Drivers\STM32F1xx_HAL_Driver\Src\stm32f1xx_hal_flash.c 0x00000000   Number         0  stm32f1xx_hal_flash.o ABSOLUTE
    ..\Drivers\STM32F1xx_HAL_Driver\Src\stm32f1xx_hal_flash_ex.c 0x00000000   Number         0  stm32f1xx_hal_flash_ex.o ABSOLUTE
    ..\Drivers\STM32F1xx_HAL_Driver\Src\stm32f1xx_hal_gpio.c 0x00000000   Number         0  stm32f1xx_hal_gpio.o ABSOLUTE
    ..\Drivers\STM32F1xx_HAL_Driver\Src\stm32f1xx_hal_gpio_ex.c 0x00000000   Number         0  stm32f1xx_hal_gpio_ex.o ABSOLUTE
    ..\Drivers\STM32F1xx_HAL_Driver\Src\stm32f1xx_hal_pwr.c 0x00000000   Number         0  stm32f1xx_hal_pwr.o ABSOLUTE
    ..\Drivers\STM32F1xx_HAL_Driver\Src\stm32f1xx_hal_rcc.c 0x00000000   Number         0  stm32f1xx_hal_rcc.o ABSOLUTE
    ..\Drivers\STM32F1xx_HAL_Driver\Src\stm32f1xx_hal_rcc_ex.c 0x00000000   Number         0  stm32f1xx_hal_rcc_ex.o ABSOLUTE
    ..\Drivers\STM32F1xx_HAL_Driver\Src\stm32f1xx_hal_spi.c 0x00000000   Number         0  stm32f1xx_hal_spi.o ABSOLUTE
    ..\Drivers\STM32F1xx_HAL_Driver\Src\stm32f1xx_hal_uart.c 0x00000000   Number         0  stm32f1xx_hal_uart.o ABSOLUTE
    Application\App_FreeRTOS_Task.c          0x00000000   Number         0  app_freertos_task.o ABSOLUTE
    Application\\App_FreeRTOS_Task.c         0x00000000   Number         0  app_freertos_task.o ABSOLUTE
    FreeRTOS\\portable\\port.c               0x00000000   Number         0  port.o ABSOLUTE
    FreeRTOS\croutine.c                      0x00000000   Number         0  croutine.o ABSOLUTE
    FreeRTOS\event_groups.c                  0x00000000   Number         0  event_groups.o ABSOLUTE
    FreeRTOS\list.c                          0x00000000   Number         0  list.o ABSOLUTE
    FreeRTOS\portable\heap_4.c               0x00000000   Number         0  heap_4.o ABSOLUTE
    FreeRTOS\portable\port.c                 0x00000000   Number         0  port.o ABSOLUTE
    FreeRTOS\queue.c                         0x00000000   Number         0  queue.o ABSOLUTE
    FreeRTOS\stream_buffer.c                 0x00000000   Number         0  stream_buffer.o ABSOLUTE
    FreeRTOS\tasks.c                         0x00000000   Number         0  tasks.o ABSOLUTE
    FreeRTOS\timers.c                        0x00000000   Number         0  timers.o ABSOLUTE
    Interface\\int_IP5305T.c                 0x00000000   Number         0  int_ip5305t.o ABSOLUTE
    Interface\\int_SI24R1.c                  0x00000000   Number         0  int_si24r1.o ABSOLUTE
    Interface\\int_joystick.c                0x00000000   Number         0  int_joystick.o ABSOLUTE
    Interface\\int_key.c                     0x00000000   Number         0  int_key.o ABSOLUTE
    Interface\int_IP5305T.c                  0x00000000   Number         0  int_ip5305t.o ABSOLUTE
    Interface\int_SI24R1.c                   0x00000000   Number         0  int_si24r1.o ABSOLUTE
    Interface\int_joystick.c                 0x00000000   Number         0  int_joystick.o ABSOLUTE
    Interface\int_key.c                      0x00000000   Number         0  int_key.o ABSOLUTE
    cdrcmple.s                               0x00000000   Number         0  cdrcmple.o ABSOLUTE
    common\Com_debug.c                       0x00000000   Number         0  com_debug.o ABSOLUTE
    common\\Com_debug.c                      0x00000000   Number         0  com_debug.o ABSOLUTE
    dc.s                                     0x00000000   Number         0  dc.o ABSOLUTE
    handlers.s                               0x00000000   Number         0  handlers.o ABSOLUTE
    init.s                                   0x00000000   Number         0  init.o ABSOLUTE
    startup_stm32f103xb.s                    0x00000000   Number         0  startup_stm32f103xb.o ABSOLUTE
    RESET                                    0x08000000   Section      236  startup_stm32f103xb.o(RESET)
    .ARM.Collect$$$$00000000                 0x080000ec   Section        0  entry.o(.ARM.Collect$$$$00000000)
    .ARM.Collect$$$$00000001                 0x080000ec   Section        4  entry2.o(.ARM.Collect$$$$00000001)
    .ARM.Collect$$$$00000004                 0x080000f0   Section        4  entry5.o(.ARM.Collect$$$$00000004)
    .ARM.Collect$$$$00000008                 0x080000f4   Section        0  entry7b.o(.ARM.Collect$$$$00000008)
    .ARM.Collect$$$$0000000A                 0x080000f4   Section        0  entry8b.o(.ARM.Collect$$$$0000000A)
    .ARM.Collect$$$$0000000B                 0x080000f4   Section        8  entry9a.o(.ARM.Collect$$$$0000000B)
    .ARM.Collect$$$$0000000D                 0x080000fc   Section        0  entry10a.o(.ARM.Collect$$$$0000000D)
    .ARM.Collect$$$$0000000F                 0x080000fc   Section        0  entry11a.o(.ARM.Collect$$$$0000000F)
    .ARM.Collect$$$$00002712                 0x080000fc   Section        4  entry2.o(.ARM.Collect$$$$00002712)
    __lit__00000000                          0x080000fc   Data           4  entry2.o(.ARM.Collect$$$$00002712)
    .emb_text                                0x08000100   Section      150  port.o(.emb_text)
    .text                                    0x08000198   Section       36  startup_stm32f103xb.o(.text)
    .text                                    0x080001bc   Section        0  memseta.o(.text)
    .text                                    0x080001e0   Section        0  strrchr.o(.text)
    .text                                    0x08000200   Section        0  uidiv.o(.text)
    .text                                    0x0800022c   Section       36  init.o(.text)
    i.ADC_ConversionStop_Disable             0x08000250   Section        0  stm32f1xx_hal_adc.o(i.ADC_ConversionStop_Disable)
    i.ADC_DMAConvCplt                        0x080002ac   Section        0  stm32f1xx_hal_adc.o(i.ADC_DMAConvCplt)
    i.ADC_DMAError                           0x080002fe   Section        0  stm32f1xx_hal_adc.o(i.ADC_DMAError)
    i.ADC_DMAHalfConvCplt                    0x0800031c   Section        0  stm32f1xx_hal_adc.o(i.ADC_DMAHalfConvCplt)
    i.ADC_Enable                             0x0800032c   Section        0  stm32f1xx_hal_adc.o(i.ADC_Enable)
    i.App_FreeRTOS_Task_Init                 0x080003bc   Section        0  app_freertos_task.o(i.App_FreeRTOS_Task_Init)
    i.BusFault_Handler                       0x08000468   Section        0  stm32f1xx_it.o(i.BusFault_Handler)
    i.Com_Task                               0x0800046c   Section        0  app_freertos_task.o(i.Com_Task)
    i.DMA1_Channel1_IRQHandler               0x08000498   Section        0  stm32f1xx_it.o(i.DMA1_Channel1_IRQHandler)
    i.DMA_SetConfig                          0x080004a8   Section        0  stm32f1xx_hal_dma.o(i.DMA_SetConfig)
    DMA_SetConfig                            0x080004a9   Thumb Code    44  stm32f1xx_hal_dma.o(i.DMA_SetConfig)
    i.DebugMon_Handler                       0x080004d4   Section        0  stm32f1xx_it.o(i.DebugMon_Handler)
    i.Error_Handler                          0x080004d6   Section        0  main.o(i.Error_Handler)
    i.HAL_ADC_ConfigChannel                  0x080004dc   Section        0  stm32f1xx_hal_adc.o(i.HAL_ADC_ConfigChannel)
    i.HAL_ADC_ConvCpltCallback               0x0800063c   Section        0  stm32f1xx_hal_adc.o(i.HAL_ADC_ConvCpltCallback)
    i.HAL_ADC_ConvHalfCpltCallback           0x0800063e   Section        0  stm32f1xx_hal_adc.o(i.HAL_ADC_ConvHalfCpltCallback)
    i.HAL_ADC_ErrorCallback                  0x08000640   Section        0  stm32f1xx_hal_adc.o(i.HAL_ADC_ErrorCallback)
    i.HAL_ADC_Init                           0x08000644   Section        0  stm32f1xx_hal_adc.o(i.HAL_ADC_Init)
    i.HAL_ADC_MspInit                        0x08000788   Section        0  adc.o(i.HAL_ADC_MspInit)
    i.HAL_ADC_Start_DMA                      0x08000838   Section        0  stm32f1xx_hal_adc.o(i.HAL_ADC_Start_DMA)
    i.HAL_DMA_IRQHandler                     0x080009b8   Section        0  stm32f1xx_hal_dma.o(i.HAL_DMA_IRQHandler)
    i.HAL_DMA_Init                           0x08000b54   Section        0  stm32f1xx_hal_dma.o(i.HAL_DMA_Init)
    i.HAL_DMA_Start_IT                       0x08000bbc   Section        0  stm32f1xx_hal_dma.o(i.HAL_DMA_Start_IT)
    i.HAL_Delay                              0x08000c58   Section        0  stm32f1xx_hal.o(i.HAL_Delay)
    i.HAL_GPIO_Init                          0x08000c80   Section        0  stm32f1xx_hal_gpio.o(i.HAL_GPIO_Init)
    i.HAL_GPIO_ReadPin                       0x08000fa0   Section        0  stm32f1xx_hal_gpio.o(i.HAL_GPIO_ReadPin)
    i.HAL_GPIO_WritePin                      0x08000fb0   Section        0  stm32f1xx_hal_gpio.o(i.HAL_GPIO_WritePin)
    i.HAL_GetTick                            0x08000fbc   Section        0  stm32f1xx_hal.o(i.HAL_GetTick)
    i.HAL_IncTick                            0x08000fc8   Section        0  stm32f1xx_hal.o(i.HAL_IncTick)
    i.HAL_Init                               0x08000fe0   Section        0  stm32f1xx_hal.o(i.HAL_Init)
    i.HAL_InitTick                           0x08001008   Section        0  stm32f1xx_hal.o(i.HAL_InitTick)
    i.HAL_MspInit                            0x08001054   Section        0  stm32f1xx_hal_msp.o(i.HAL_MspInit)
    i.HAL_NVIC_EnableIRQ                     0x080010a8   Section        0  stm32f1xx_hal_cortex.o(i.HAL_NVIC_EnableIRQ)
    i.HAL_NVIC_SetPriority                   0x080010c8   Section        0  stm32f1xx_hal_cortex.o(i.HAL_NVIC_SetPriority)
    i.HAL_NVIC_SetPriorityGrouping           0x08001144   Section        0  stm32f1xx_hal_cortex.o(i.HAL_NVIC_SetPriorityGrouping)
    i.HAL_RCCEx_PeriphCLKConfig              0x0800116c   Section        0  stm32f1xx_hal_rcc_ex.o(i.HAL_RCCEx_PeriphCLKConfig)
    i.HAL_RCC_ClockConfig                    0x0800129c   Section        0  stm32f1xx_hal_rcc.o(i.HAL_RCC_ClockConfig)
    i.HAL_RCC_GetHCLKFreq                    0x08001428   Section        0  stm32f1xx_hal_rcc.o(i.HAL_RCC_GetHCLKFreq)
    i.HAL_RCC_GetPCLK1Freq                   0x08001434   Section        0  stm32f1xx_hal_rcc.o(i.HAL_RCC_GetPCLK1Freq)
    i.HAL_RCC_GetPCLK2Freq                   0x08001454   Section        0  stm32f1xx_hal_rcc.o(i.HAL_RCC_GetPCLK2Freq)
    i.HAL_RCC_GetSysClockFreq                0x08001474   Section        0  stm32f1xx_hal_rcc.o(i.HAL_RCC_GetSysClockFreq)
    i.HAL_RCC_OscConfig                      0x080014e4   Section        0  stm32f1xx_hal_rcc.o(i.HAL_RCC_OscConfig)
    i.HAL_SPI_Init                           0x08001948   Section        0  stm32f1xx_hal_spi.o(i.HAL_SPI_Init)
    i.HAL_SPI_MspInit                        0x08001a08   Section        0  spi.o(i.HAL_SPI_MspInit)
    i.HAL_SPI_TransmitReceive                0x08001aa4   Section        0  stm32f1xx_hal_spi.o(i.HAL_SPI_TransmitReceive)
    i.HAL_SYSTICK_Config                     0x08001cec   Section        0  stm32f1xx_hal_cortex.o(i.HAL_SYSTICK_Config)
    i.HAL_UART_Init                          0x08001d20   Section        0  stm32f1xx_hal_uart.o(i.HAL_UART_Init)
    i.HAL_UART_MspInit                       0x08001d98   Section        0  usart.o(i.HAL_UART_MspInit)
    i.HAL_UART_Transmit                      0x08001e20   Section        0  stm32f1xx_hal_uart.o(i.HAL_UART_Transmit)
    i.HardFault_Handler                      0x08001ede   Section        0  stm32f1xx_it.o(i.HardFault_Handler)
    i.Int_IP5305T_start                      0x08001ee4   Section        0  int_ip5305t.o(i.Int_IP5305T_start)
    i.Int_Joystick_Get                       0x08001f08   Section        0  int_joystick.o(i.Int_Joystick_Get)
    i.Int_Joystick_Init                      0x08001f30   Section        0  int_joystick.o(i.Int_Joystick_Init)
    i.Int_Key_get                            0x08001f48   Section        0  int_key.o(i.Int_Key_get)
    i.Int_SI24R1_Check                       0x080020c0   Section        0  int_si24r1.o(i.Int_SI24R1_Check)
    i.Int_SI24R1_Init                        0x08002108   Section        0  int_si24r1.o(i.Int_SI24R1_Init)
    i.Int_SI24R1_READ_REG                    0x080021c8   Section        0  int_si24r1.o(i.Int_SI24R1_READ_REG)
    i.Int_SI24R1_RX_Mode                     0x080021f8   Section        0  int_si24r1.o(i.Int_SI24R1_RX_Mode)
    i.Int_SI24R1_Read_Buf                    0x0800225c   Section        0  int_si24r1.o(i.Int_SI24R1_Read_Buf)
    i.Int_SI24R1_TX_Mode                     0x080022a4   Section        0  int_si24r1.o(i.Int_SI24R1_TX_Mode)
    i.Int_SI24R1_TxPacket                    0x08002300   Section        0  int_si24r1.o(i.Int_SI24R1_TxPacket)
    i.Int_SI24R1_WRITE_REG                   0x08002374   Section        0  int_si24r1.o(i.Int_SI24R1_WRITE_REG)
    i.Int_SI24R1_Write_Buf                   0x080023a8   Section        0  int_si24r1.o(i.Int_SI24R1_Write_Buf)
    i.MX_ADC1_Init                           0x080023f0   Section        0  adc.o(i.MX_ADC1_Init)
    i.MX_DMA_Init                            0x08002490   Section        0  dma.o(i.MX_DMA_Init)
    i.MX_GPIO_Init                           0x080024c4   Section        0  gpio.o(i.MX_GPIO_Init)
    i.MX_SPI1_Init                           0x080025b4   Section        0  spi.o(i.MX_SPI1_Init)
    i.MX_USART1_UART_Init                    0x080025f8   Section        0  usart.o(i.MX_USART1_UART_Init)
    i.MemManage_Handler                      0x08002630   Section        0  stm32f1xx_it.o(i.MemManage_Handler)
    i.NMI_Handler                            0x08002634   Section        0  stm32f1xx_it.o(i.NMI_Handler)
    i.Power_Task                             0x08002638   Section        0  app_freertos_task.o(i.Power_Task)
    i.RCC_Delay                              0x08002658   Section        0  stm32f1xx_hal_rcc.o(i.RCC_Delay)
    RCC_Delay                                0x08002659   Thumb Code    36  stm32f1xx_hal_rcc.o(i.RCC_Delay)
    i.SPI_EndRxTxTransaction                 0x08002680   Section        0  stm32f1xx_hal_spi.o(i.SPI_EndRxTxTransaction)
    SPI_EndRxTxTransaction                   0x08002681   Thumb Code    68  stm32f1xx_hal_spi.o(i.SPI_EndRxTxTransaction)
    i.SPI_RW                                 0x080026c4   Section        0  int_si24r1.o(i.SPI_RW)
    SPI_RW                                   0x080026c5   Thumb Code    38  int_si24r1.o(i.SPI_RW)
    i.SPI_WaitFlagStateUntilTimeout          0x080026f0   Section        0  stm32f1xx_hal_spi.o(i.SPI_WaitFlagStateUntilTimeout)
    SPI_WaitFlagStateUntilTimeout            0x080026f1   Thumb Code   210  stm32f1xx_hal_spi.o(i.SPI_WaitFlagStateUntilTimeout)
    i.SysTick_Handler                        0x080027c8   Section        0  stm32f1xx_it.o(i.SysTick_Handler)
    i.SystemClock_Config                     0x080027dc   Section        0  main.o(i.SystemClock_Config)
    i.SystemInit                             0x08002860   Section        0  system_stm32f1xx.o(i.SystemInit)
    i.UART_EndRxTransfer                     0x08002862   Section        0  stm32f1xx_hal_uart.o(i.UART_EndRxTransfer)
    UART_EndRxTransfer                       0x08002863   Thumb Code   108  stm32f1xx_hal_uart.o(i.UART_EndRxTransfer)
    i.UART_SetConfig                         0x080028d0   Section        0  stm32f1xx_hal_uart.o(i.UART_SetConfig)
    UART_SetConfig                           0x080028d1   Thumb Code   248  stm32f1xx_hal_uart.o(i.UART_SetConfig)
    i.UART_WaitOnFlagUntilTimeout            0x080029cc   Section        0  stm32f1xx_hal_uart.o(i.UART_WaitOnFlagUntilTimeout)
    UART_WaitOnFlagUntilTimeout              0x080029cd   Thumb Code   140  stm32f1xx_hal_uart.o(i.UART_WaitOnFlagUntilTimeout)
    i.UsageFault_Handler                     0x08002a58   Section        0  stm32f1xx_it.o(i.UsageFault_Handler)
    i.__0printf$3                            0x08002a5c   Section        0  printf3.o(i.__0printf$3)
    i.__NVIC_GetPriorityGrouping             0x08002a7c   Section        0  stm32f1xx_hal_cortex.o(i.__NVIC_GetPriorityGrouping)
    __NVIC_GetPriorityGrouping               0x08002a7d   Thumb Code    10  stm32f1xx_hal_cortex.o(i.__NVIC_GetPriorityGrouping)
    i.__NVIC_SetPriority                     0x08002a8c   Section        0  stm32f1xx_hal_cortex.o(i.__NVIC_SetPriority)
    __NVIC_SetPriority                       0x08002a8d   Thumb Code    32  stm32f1xx_hal_cortex.o(i.__NVIC_SetPriority)
    i.__scatterload_copy                     0x08002ab4   Section       14  handlers.o(i.__scatterload_copy)
    i.__scatterload_null                     0x08002ac2   Section        2  handlers.o(i.__scatterload_null)
    i.__scatterload_zeroinit                 0x08002ac4   Section       14  handlers.o(i.__scatterload_zeroinit)
    i._printf_core                           0x08002ad4   Section        0  printf3.o(i._printf_core)
    _printf_core                             0x08002ad5   Thumb Code   436  printf3.o(i._printf_core)
    i.fputc                                  0x08002c8c   Section        0  com_debug.o(i.fputc)
    i.joystick_Task                          0x08002ca8   Section        0  app_freertos_task.o(i.joystick_Task)
    i.key_Task                               0x08002d98   Section        0  app_freertos_task.o(i.key_Task)
    i.main                                   0x08002e5c   Section        0  main.o(i.main)
    i.prvAddCurrentTaskToDelayedList         0x08002f1c   Section        0  tasks.o(i.prvAddCurrentTaskToDelayedList)
    prvAddCurrentTaskToDelayedList           0x08002f1d   Thumb Code   164  tasks.o(i.prvAddCurrentTaskToDelayedList)
    i.prvAddNewTaskToReadyList               0x08002fdc   Section        0  tasks.o(i.prvAddNewTaskToReadyList)
    prvAddNewTaskToReadyList                 0x08002fdd   Thumb Code   200  tasks.o(i.prvAddNewTaskToReadyList)
    i.prvCheckTasksWaitingTermination        0x080030c0   Section        0  tasks.o(i.prvCheckTasksWaitingTermination)
    prvCheckTasksWaitingTermination          0x080030c1   Thumb Code    60  tasks.o(i.prvCheckTasksWaitingTermination)
    i.prvDeleteTCB                           0x08003108   Section        0  tasks.o(i.prvDeleteTCB)
    prvDeleteTCB                             0x08003109   Thumb Code    18  tasks.o(i.prvDeleteTCB)
    i.prvHeapInit                            0x0800311c   Section        0  heap_4.o(i.prvHeapInit)
    prvHeapInit                              0x0800311d   Thumb Code    90  heap_4.o(i.prvHeapInit)
    i.prvIdleTask                            0x0800318c   Section        0  tasks.o(i.prvIdleTask)
    prvIdleTask                              0x0800318d   Thumb Code    32  tasks.o(i.prvIdleTask)
    i.prvInitialiseNewTask                   0x080031b4   Section        0  tasks.o(i.prvInitialiseNewTask)
    prvInitialiseNewTask                     0x080031b5   Thumb Code   122  tasks.o(i.prvInitialiseNewTask)
    i.prvInitialiseTaskLists                 0x08003230   Section        0  tasks.o(i.prvInitialiseTaskLists)
    prvInitialiseTaskLists                   0x08003231   Thumb Code    70  tasks.o(i.prvInitialiseTaskLists)
    i.prvInsertBlockIntoFreeList             0x08003298   Section        0  heap_4.o(i.prvInsertBlockIntoFreeList)
    prvInsertBlockIntoFreeList               0x08003299   Thumb Code    96  heap_4.o(i.prvInsertBlockIntoFreeList)
    i.prvResetNextTaskUnblockTime            0x08003300   Section        0  tasks.o(i.prvResetNextTaskUnblockTime)
    prvResetNextTaskUnblockTime              0x08003301   Thumb Code    40  tasks.o(i.prvResetNextTaskUnblockTime)
    i.prvTaskExitError                       0x08003330   Section        0  port.o(i.prvTaskExitError)
    prvTaskExitError                         0x08003331   Thumb Code    22  port.o(i.prvTaskExitError)
    i.pvPortMalloc                           0x08003348   Section        0  heap_4.o(i.pvPortMalloc)
    i.pxPortInitialiseStack                  0x0800342c   Section        0  port.o(i.pxPortInitialiseStack)
    i.uxListRemove                           0x08003450   Section        0  list.o(i.uxListRemove)
    i.vListInitialise                        0x08003478   Section        0  list.o(i.vListInitialise)
    i.vListInitialiseItem                    0x08003492   Section        0  list.o(i.vListInitialiseItem)
    i.vListInsert                            0x08003498   Section        0  list.o(i.vListInsert)
    i.vPortEnterCritical                     0x080034cc   Section        0  port.o(i.vPortEnterCritical)
    i.vPortExitCritical                      0x080034f0   Section        0  port.o(i.vPortExitCritical)
    i.vPortFree                              0x08003510   Section        0  heap_4.o(i.vPortFree)
    i.vPortSetupTimerInterrupt               0x0800355c   Section        0  port.o(i.vPortSetupTimerInterrupt)
    i.vTaskDelay                             0x08003574   Section        0  tasks.o(i.vTaskDelay)
    i.vTaskStartScheduler                    0x080035a8   Section        0  tasks.o(i.vTaskStartScheduler)
    i.vTaskSuspendAll                        0x08003614   Section        0  tasks.o(i.vTaskSuspendAll)
    i.vTaskSwitchContext                     0x08003624   Section        0  tasks.o(i.vTaskSwitchContext)
    i.xPortStartScheduler                    0x08003684   Section        0  port.o(i.xPortStartScheduler)
    i.xPortSysTickHandler                    0x080036b8   Section        0  port.o(i.xPortSysTickHandler)
    i.xTaskCreate                            0x080036ec   Section        0  tasks.o(i.xTaskCreate)
    i.xTaskDelayUntil                        0x08003754   Section        0  tasks.o(i.xTaskDelayUntil)
    i.xTaskGetSchedulerState                 0x080037c8   Section        0  tasks.o(i.xTaskGetSchedulerState)
    i.xTaskGetTickCount                      0x080037e8   Section        0  tasks.o(i.xTaskGetTickCount)
    i.xTaskIncrementTick                     0x080037f4   Section        0  tasks.o(i.xTaskIncrementTick)
    i.xTaskResumeAll                         0x08003984   Section        0  tasks.o(i.xTaskResumeAll)
    .constdata                               0x08003ae0   Section       18  stm32f1xx_hal_rcc.o(.constdata)
    aPLLMULFactorTable                       0x08003ae0   Data          16  stm32f1xx_hal_rcc.o(.constdata)
    aPredivFactorTable                       0x08003af0   Data           2  stm32f1xx_hal_rcc.o(.constdata)
    .constdata                               0x08003af2   Section       24  system_stm32f1xx.o(.constdata)
    .constdata                               0x08003b0a   Section        5  int_si24r1.o(.constdata)
    TX_ADDRESS                               0x08003b0a   Data           5  int_si24r1.o(.constdata)
    .data                                    0x20000000   Section        9  stm32f1xx_hal.o(.data)
    .data                                    0x2000000c   Section        4  system_stm32f1xx.o(.data)
    .data                                    0x20000010   Section       64  tasks.o(.data)
    pxDelayedTaskList                        0x20000014   Data           4  tasks.o(.data)
    pxOverflowDelayedTaskList                0x20000018   Data           4  tasks.o(.data)
    uxDeletedTasksWaitingCleanUp             0x2000001c   Data           4  tasks.o(.data)
    uxCurrentNumberOfTasks                   0x20000020   Data           4  tasks.o(.data)
    xTickCount                               0x20000024   Data           4  tasks.o(.data)
    uxTopReadyPriority                       0x20000028   Data           4  tasks.o(.data)
    xSchedulerRunning                        0x2000002c   Data           4  tasks.o(.data)
    xPendedTicks                             0x20000030   Data           4  tasks.o(.data)
    xYieldPending                            0x20000034   Data           4  tasks.o(.data)
    xNumOfOverflows                          0x20000038   Data           4  tasks.o(.data)
    uxTaskNumber                             0x2000003c   Data           4  tasks.o(.data)
    xNextTaskUnblockTime                     0x20000040   Data           4  tasks.o(.data)
    xIdleTaskHandle                          0x20000044   Data           4  tasks.o(.data)
    uxSchedulerSuspended                     0x2000004c   Data           4  tasks.o(.data)
    .data                                    0x20000050   Section       28  heap_4.o(.data)
    xStart                                   0x20000050   Data           8  heap_4.o(.data)
    pxEnd                                    0x20000058   Data           4  heap_4.o(.data)
    xFreeBytesRemaining                      0x2000005c   Data           4  heap_4.o(.data)
    xMinimumEverFreeBytesRemaining           0x20000060   Data           4  heap_4.o(.data)
    xNumberOfSuccessfulAllocations           0x20000064   Data           4  heap_4.o(.data)
    xNumberOfSuccessfulFrees                 0x20000068   Data           4  heap_4.o(.data)
    .data                                    0x2000006c   Section        4  port.o(.data)
    uxCriticalNesting                        0x2000006c   Data           4  port.o(.data)
    .data                                    0x20000070   Section       24  app_freertos_task.o(.data)
    .data                                    0x20000088   Section        5  int_si24r1.o(.data)
    .data                                    0x2000008e   Section        8  int_joystick.o(.data)
    .data                                    0x20000098   Section        4  stdout.o(.data)
    .bss                                     0x2000009c   Section      116  adc.o(.bss)
    .bss                                     0x20000110   Section       88  spi.o(.bss)
    .bss                                     0x20000168   Section       72  usart.o(.bss)
    .bss                                     0x200001b0   Section      200  tasks.o(.bss)
    pxReadyTasksLists                        0x200001b0   Data         100  tasks.o(.bss)
    xDelayedTaskList1                        0x20000214   Data          20  tasks.o(.bss)
    xDelayedTaskList2                        0x20000228   Data          20  tasks.o(.bss)
    xPendingReadyList                        0x2000023c   Data          20  tasks.o(.bss)
    xTasksWaitingTermination                 0x20000250   Data          20  tasks.o(.bss)
    xSuspendedTaskList                       0x20000264   Data          20  tasks.o(.bss)
    .bss                                     0x20000278   Section    12288  heap_4.o(.bss)
    ucHeap                                   0x20000278   Data       12288  heap_4.o(.bss)
    .bss                                     0x20003278   Section       32  app_freertos_task.o(.bss)
    STACK                                    0x20003298   Section     1024  startup_stm32f103xb.o(STACK)

    Global Symbols

    Symbol Name                              Value     Ov Type        Size  Object(Section)

    BuildAttributes$$THM_ISAv4$P$D$K$B$S$PE$A:L22UL41UL21$X:L11$S22US41US21$IEEE1$IW$USESV6$~STKCKD$USESV7$~SHL$OSPACE$ROPI$EBA8$MICROLIB$REQ8$PRES8$EABIv2 0x00000000   Number         0  anon$$obj.o ABSOLUTE
    __ARM_use_no_argv                        0x00000000   Number         0  main.o ABSOLUTE
    _printf_a                                0x00000000   Number         0  stubs.o ABSOLUTE
    _printf_c                                0x00000000   Number         0  stubs.o ABSOLUTE
    _printf_charcount                        0x00000000   Number         0  stubs.o ABSOLUTE
    _printf_d                                0x00000000   Number         0  stubs.o ABSOLUTE
    _printf_e                                0x00000000   Number         0  stubs.o ABSOLUTE
    _printf_f                                0x00000000   Number         0  stubs.o ABSOLUTE
    _printf_flags                            0x00000000   Number         0  stubs.o ABSOLUTE
    _printf_fp_dec                           0x00000000   Number         0  stubs.o ABSOLUTE
    _printf_fp_hex                           0x00000000   Number         0  stubs.o ABSOLUTE
    _printf_g                                0x00000000   Number         0  stubs.o ABSOLUTE
    _printf_i                                0x00000000   Number         0  stubs.o ABSOLUTE
    _printf_int_dec                          0x00000000   Number         0  stubs.o ABSOLUTE
    _printf_l                                0x00000000   Number         0  stubs.o ABSOLUTE
    _printf_lc                               0x00000000   Number         0  stubs.o ABSOLUTE
    _printf_ll                               0x00000000   Number         0  stubs.o ABSOLUTE
    _printf_lld                              0x00000000   Number         0  stubs.o ABSOLUTE
    _printf_lli                              0x00000000   Number         0  stubs.o ABSOLUTE
    _printf_llo                              0x00000000   Number         0  stubs.o ABSOLUTE
    _printf_llu                              0x00000000   Number         0  stubs.o ABSOLUTE
    _printf_llx                              0x00000000   Number         0  stubs.o ABSOLUTE
    _printf_longlong_dec                     0x00000000   Number         0  stubs.o ABSOLUTE
    _printf_longlong_hex                     0x00000000   Number         0  stubs.o ABSOLUTE
    _printf_longlong_oct                     0x00000000   Number         0  stubs.o ABSOLUTE
    _printf_ls                               0x00000000   Number         0  stubs.o ABSOLUTE
    _printf_mbtowc                           0x00000000   Number         0  stubs.o ABSOLUTE
    _printf_n                                0x00000000   Number         0  stubs.o ABSOLUTE
    _printf_o                                0x00000000   Number         0  stubs.o ABSOLUTE
    _printf_p                                0x00000000   Number         0  stubs.o ABSOLUTE
    _printf_percent                          0x00000000   Number         0  stubs.o ABSOLUTE
    _printf_pre_padding                      0x00000000   Number         0  stubs.o ABSOLUTE
    _printf_return_value                     0x00000000   Number         0  stubs.o ABSOLUTE
    _printf_s                                0x00000000   Number         0  stubs.o ABSOLUTE
    _printf_sizespec                         0x00000000   Number         0  stubs.o ABSOLUTE
    _printf_str                              0x00000000   Number         0  stubs.o ABSOLUTE
    _printf_truncate_signed                  0x00000000   Number         0  stubs.o ABSOLUTE
    _printf_truncate_unsigned                0x00000000   Number         0  stubs.o ABSOLUTE
    _printf_u                                0x00000000   Number         0  stubs.o ABSOLUTE
    _printf_wc                               0x00000000   Number         0  stubs.o ABSOLUTE
    _printf_wctomb                           0x00000000   Number         0  stubs.o ABSOLUTE
    _printf_widthprec                        0x00000000   Number         0  stubs.o ABSOLUTE
    _printf_x                                0x00000000   Number         0  stubs.o ABSOLUTE
    __cpp_initialize__aeabi_                  - Undefined Weak Reference
    __cxa_finalize                            - Undefined Weak Reference
    __decompress                              - Undefined Weak Reference
    _clock_init                               - Undefined Weak Reference
    _microlib_exit                            - Undefined Weak Reference
    __Vectors_Size                           0x000000ec   Number         0  startup_stm32f103xb.o ABSOLUTE
    __Vectors                                0x08000000   Data           4  startup_stm32f103xb.o(RESET)
    __Vectors_End                            0x080000ec   Data           0  startup_stm32f103xb.o(RESET)
    __main                                   0x080000ed   Thumb Code     0  entry.o(.ARM.Collect$$$$00000000)
    _main_stk                                0x080000ed   Thumb Code     0  entry2.o(.ARM.Collect$$$$00000001)
    _main_scatterload                        0x080000f1   Thumb Code     0  entry5.o(.ARM.Collect$$$$00000004)
    __main_after_scatterload                 0x080000f5   Thumb Code     0  entry5.o(.ARM.Collect$$$$00000004)
    _main_clock                              0x080000f5   Thumb Code     0  entry7b.o(.ARM.Collect$$$$00000008)
    _main_cpp_init                           0x080000f5   Thumb Code     0  entry8b.o(.ARM.Collect$$$$0000000A)
    _main_init                               0x080000f5   Thumb Code     0  entry9a.o(.ARM.Collect$$$$0000000B)
    __rt_final_cpp                           0x080000fd   Thumb Code     0  entry10a.o(.ARM.Collect$$$$0000000D)
    __rt_final_exit                          0x080000fd   Thumb Code     0  entry11a.o(.ARM.Collect$$$$0000000F)
    SVC_Handler                              0x08000101   Thumb Code    32  port.o(.emb_text)
    __asm___6_port_c_39a90d8d__prvStartFirstTask 0x08000125   Thumb Code    28  port.o(.emb_text)
    PendSV_Handler                           0x08000145   Thumb Code    72  port.o(.emb_text)
    vPortGetIPSR                             0x08000191   Thumb Code     6  port.o(.emb_text)
    Reset_Handler                            0x08000199   Thumb Code     8  startup_stm32f103xb.o(.text)
    ADC1_2_IRQHandler                        0x080001b3   Thumb Code     0  startup_stm32f103xb.o(.text)
    CAN1_RX1_IRQHandler                      0x080001b3   Thumb Code     0  startup_stm32f103xb.o(.text)
    CAN1_SCE_IRQHandler                      0x080001b3   Thumb Code     0  startup_stm32f103xb.o(.text)
    DMA1_Channel2_IRQHandler                 0x080001b3   Thumb Code     0  startup_stm32f103xb.o(.text)
    DMA1_Channel3_IRQHandler                 0x080001b3   Thumb Code     0  startup_stm32f103xb.o(.text)
    DMA1_Channel4_IRQHandler                 0x080001b3   Thumb Code     0  startup_stm32f103xb.o(.text)
    DMA1_Channel5_IRQHandler                 0x080001b3   Thumb Code     0  startup_stm32f103xb.o(.text)
    DMA1_Channel6_IRQHandler                 0x080001b3   Thumb Code     0  startup_stm32f103xb.o(.text)
    DMA1_Channel7_IRQHandler                 0x080001b3   Thumb Code     0  startup_stm32f103xb.o(.text)
    EXTI0_IRQHandler                         0x080001b3   Thumb Code     0  startup_stm32f103xb.o(.text)
    EXTI15_10_IRQHandler                     0x080001b3   Thumb Code     0  startup_stm32f103xb.o(.text)
    EXTI1_IRQHandler                         0x080001b3   Thumb Code     0  startup_stm32f103xb.o(.text)
    EXTI2_IRQHandler                         0x080001b3   Thumb Code     0  startup_stm32f103xb.o(.text)
    EXTI3_IRQHandler                         0x080001b3   Thumb Code     0  startup_stm32f103xb.o(.text)
    EXTI4_IRQHandler                         0x080001b3   Thumb Code     0  startup_stm32f103xb.o(.text)
    EXTI9_5_IRQHandler                       0x080001b3   Thumb Code     0  startup_stm32f103xb.o(.text)
    FLASH_IRQHandler                         0x080001b3   Thumb Code     0  startup_stm32f103xb.o(.text)
    I2C1_ER_IRQHandler                       0x080001b3   Thumb Code     0  startup_stm32f103xb.o(.text)
    I2C1_EV_IRQHandler                       0x080001b3   Thumb Code     0  startup_stm32f103xb.o(.text)
    I2C2_ER_IRQHandler                       0x080001b3   Thumb Code     0  startup_stm32f103xb.o(.text)
    I2C2_EV_IRQHandler                       0x080001b3   Thumb Code     0  startup_stm32f103xb.o(.text)
    PVD_IRQHandler                           0x080001b3   Thumb Code     0  startup_stm32f103xb.o(.text)
    RCC_IRQHandler                           0x080001b3   Thumb Code     0  startup_stm32f103xb.o(.text)
    RTC_Alarm_IRQHandler                     0x080001b3   Thumb Code     0  startup_stm32f103xb.o(.text)
    RTC_IRQHandler                           0x080001b3   Thumb Code     0  startup_stm32f103xb.o(.text)
    SPI1_IRQHandler                          0x080001b3   Thumb Code     0  startup_stm32f103xb.o(.text)
    SPI2_IRQHandler                          0x080001b3   Thumb Code     0  startup_stm32f103xb.o(.text)
    TAMPER_IRQHandler                        0x080001b3   Thumb Code     0  startup_stm32f103xb.o(.text)
    TIM1_BRK_IRQHandler                      0x080001b3   Thumb Code     0  startup_stm32f103xb.o(.text)
    TIM1_CC_IRQHandler                       0x080001b3   Thumb Code     0  startup_stm32f103xb.o(.text)
    TIM1_TRG_COM_IRQHandler                  0x080001b3   Thumb Code     0  startup_stm32f103xb.o(.text)
    TIM1_UP_IRQHandler                       0x080001b3   Thumb Code     0  startup_stm32f103xb.o(.text)
    TIM2_IRQHandler                          0x080001b3   Thumb Code     0  startup_stm32f103xb.o(.text)
    TIM3_IRQHandler                          0x080001b3   Thumb Code     0  startup_stm32f103xb.o(.text)
    TIM4_IRQHandler                          0x080001b3   Thumb Code     0  startup_stm32f103xb.o(.text)
    USART1_IRQHandler                        0x080001b3   Thumb Code     0  startup_stm32f103xb.o(.text)
    USART2_IRQHandler                        0x080001b3   Thumb Code     0  startup_stm32f103xb.o(.text)
    USART3_IRQHandler                        0x080001b3   Thumb Code     0  startup_stm32f103xb.o(.text)
    USBWakeUp_IRQHandler                     0x080001b3   Thumb Code     0  startup_stm32f103xb.o(.text)
    USB_HP_CAN1_TX_IRQHandler                0x080001b3   Thumb Code     0  startup_stm32f103xb.o(.text)
    USB_LP_CAN1_RX0_IRQHandler               0x080001b3   Thumb Code     0  startup_stm32f103xb.o(.text)
    WWDG_IRQHandler                          0x080001b3   Thumb Code     0  startup_stm32f103xb.o(.text)
    __aeabi_memset                           0x080001bd   Thumb Code    14  memseta.o(.text)
    __aeabi_memset4                          0x080001bd   Thumb Code     0  memseta.o(.text)
    __aeabi_memset8                          0x080001bd   Thumb Code     0  memseta.o(.text)
    __aeabi_memclr                           0x080001cb   Thumb Code     4  memseta.o(.text)
    __aeabi_memclr4                          0x080001cb   Thumb Code     0  memseta.o(.text)
    __aeabi_memclr8                          0x080001cb   Thumb Code     0  memseta.o(.text)
    _memset$wrapper                          0x080001cf   Thumb Code    18  memseta.o(.text)
    strrchr                                  0x080001e1   Thumb Code    32  strrchr.o(.text)
    __aeabi_uidiv                            0x08000201   Thumb Code     0  uidiv.o(.text)
    __aeabi_uidivmod                         0x08000201   Thumb Code    44  uidiv.o(.text)
    __scatterload                            0x0800022d   Thumb Code    28  init.o(.text)
    __scatterload_rt2                        0x0800022d   Thumb Code     0  init.o(.text)
    ADC_ConversionStop_Disable               0x08000251   Thumb Code    92  stm32f1xx_hal_adc.o(i.ADC_ConversionStop_Disable)
    ADC_DMAConvCplt                          0x080002ad   Thumb Code    82  stm32f1xx_hal_adc.o(i.ADC_DMAConvCplt)
    ADC_DMAError                             0x080002ff   Thumb Code    30  stm32f1xx_hal_adc.o(i.ADC_DMAError)
    ADC_DMAHalfConvCplt                      0x0800031d   Thumb Code    14  stm32f1xx_hal_adc.o(i.ADC_DMAHalfConvCplt)
    ADC_Enable                               0x0800032d   Thumb Code   134  stm32f1xx_hal_adc.o(i.ADC_Enable)
    App_FreeRTOS_Task_Init                   0x080003bd   Thumb Code    88  app_freertos_task.o(i.App_FreeRTOS_Task_Init)
    BusFault_Handler                         0x08000469   Thumb Code     4  stm32f1xx_it.o(i.BusFault_Handler)
    Com_Task                                 0x0800046d   Thumb Code    38  app_freertos_task.o(i.Com_Task)
    DMA1_Channel1_IRQHandler                 0x08000499   Thumb Code    10  stm32f1xx_it.o(i.DMA1_Channel1_IRQHandler)
    DebugMon_Handler                         0x080004d5   Thumb Code     2  stm32f1xx_it.o(i.DebugMon_Handler)
    Error_Handler                            0x080004d7   Thumb Code     6  main.o(i.Error_Handler)
    HAL_ADC_ConfigChannel                    0x080004dd   Thumb Code   338  stm32f1xx_hal_adc.o(i.HAL_ADC_ConfigChannel)
    HAL_ADC_ConvCpltCallback                 0x0800063d   Thumb Code     2  stm32f1xx_hal_adc.o(i.HAL_ADC_ConvCpltCallback)
    HAL_ADC_ConvHalfCpltCallback             0x0800063f   Thumb Code     2  stm32f1xx_hal_adc.o(i.HAL_ADC_ConvHalfCpltCallback)
    HAL_ADC_ErrorCallback                    0x08000641   Thumb Code     2  stm32f1xx_hal_adc.o(i.HAL_ADC_ErrorCallback)
    HAL_ADC_Init                             0x08000645   Thumb Code   314  stm32f1xx_hal_adc.o(i.HAL_ADC_Init)
    HAL_ADC_MspInit                          0x08000789   Thumb Code   154  adc.o(i.HAL_ADC_MspInit)
    HAL_ADC_Start_DMA                        0x08000839   Thumb Code   362  stm32f1xx_hal_adc.o(i.HAL_ADC_Start_DMA)
    HAL_DMA_IRQHandler                       0x080009b9   Thumb Code   408  stm32f1xx_hal_dma.o(i.HAL_DMA_IRQHandler)
    HAL_DMA_Init                             0x08000b55   Thumb Code   100  stm32f1xx_hal_dma.o(i.HAL_DMA_Init)
    HAL_DMA_Start_IT                         0x08000bbd   Thumb Code   156  stm32f1xx_hal_dma.o(i.HAL_DMA_Start_IT)
    HAL_Delay                                0x08000c59   Thumb Code    36  stm32f1xx_hal.o(i.HAL_Delay)
    HAL_GPIO_Init                            0x08000c81   Thumb Code   766  stm32f1xx_hal_gpio.o(i.HAL_GPIO_Init)
    HAL_GPIO_ReadPin                         0x08000fa1   Thumb Code    16  stm32f1xx_hal_gpio.o(i.HAL_GPIO_ReadPin)
    HAL_GPIO_WritePin                        0x08000fb1   Thumb Code    12  stm32f1xx_hal_gpio.o(i.HAL_GPIO_WritePin)
    HAL_GetTick                              0x08000fbd   Thumb Code     6  stm32f1xx_hal.o(i.HAL_GetTick)
    HAL_IncTick                              0x08000fc9   Thumb Code    16  stm32f1xx_hal.o(i.HAL_IncTick)
    HAL_Init                                 0x08000fe1   Thumb Code    34  stm32f1xx_hal.o(i.HAL_Init)
    HAL_InitTick                             0x08001009   Thumb Code    64  stm32f1xx_hal.o(i.HAL_InitTick)
    HAL_MspInit                              0x08001055   Thumb Code    76  stm32f1xx_hal_msp.o(i.HAL_MspInit)
    HAL_NVIC_EnableIRQ                       0x080010a9   Thumb Code    32  stm32f1xx_hal_cortex.o(i.HAL_NVIC_EnableIRQ)
    HAL_NVIC_SetPriority                     0x080010c9   Thumb Code   124  stm32f1xx_hal_cortex.o(i.HAL_NVIC_SetPriority)
    HAL_NVIC_SetPriorityGrouping             0x08001145   Thumb Code    32  stm32f1xx_hal_cortex.o(i.HAL_NVIC_SetPriorityGrouping)
    HAL_RCCEx_PeriphCLKConfig                0x0800116d   Thumb Code   290  stm32f1xx_hal_rcc_ex.o(i.HAL_RCCEx_PeriphCLKConfig)
    HAL_RCC_ClockConfig                      0x0800129d   Thumb Code   376  stm32f1xx_hal_rcc.o(i.HAL_RCC_ClockConfig)
    HAL_RCC_GetHCLKFreq                      0x08001429   Thumb Code     6  stm32f1xx_hal_rcc.o(i.HAL_RCC_GetHCLKFreq)
    HAL_RCC_GetPCLK1Freq                     0x08001435   Thumb Code    22  stm32f1xx_hal_rcc.o(i.HAL_RCC_GetPCLK1Freq)
    HAL_RCC_GetPCLK2Freq                     0x08001455   Thumb Code    22  stm32f1xx_hal_rcc.o(i.HAL_RCC_GetPCLK2Freq)
    HAL_RCC_GetSysClockFreq                  0x08001475   Thumb Code    92  stm32f1xx_hal_rcc.o(i.HAL_RCC_GetSysClockFreq)
    HAL_RCC_OscConfig                        0x080014e5   Thumb Code  1114  stm32f1xx_hal_rcc.o(i.HAL_RCC_OscConfig)
    HAL_SPI_Init                             0x08001949   Thumb Code   190  stm32f1xx_hal_spi.o(i.HAL_SPI_Init)
    HAL_SPI_MspInit                          0x08001a09   Thumb Code   138  spi.o(i.HAL_SPI_MspInit)
    HAL_SPI_TransmitReceive                  0x08001aa5   Thumb Code   584  stm32f1xx_hal_spi.o(i.HAL_SPI_TransmitReceive)
    HAL_SYSTICK_Config                       0x08001ced   Thumb Code    52  stm32f1xx_hal_cortex.o(i.HAL_SYSTICK_Config)
    HAL_UART_Init                            0x08001d21   Thumb Code   118  stm32f1xx_hal_uart.o(i.HAL_UART_Init)
    HAL_UART_MspInit                         0x08001d99   Thumb Code   122  usart.o(i.HAL_UART_MspInit)
    HAL_UART_Transmit                        0x08001e21   Thumb Code   190  stm32f1xx_hal_uart.o(i.HAL_UART_Transmit)
    HardFault_Handler                        0x08001edf   Thumb Code     4  stm32f1xx_it.o(i.HardFault_Handler)
    Int_IP5305T_start                        0x08001ee5   Thumb Code    32  int_ip5305t.o(i.Int_IP5305T_start)
    Int_Joystick_Get                         0x08001f09   Thumb Code    34  int_joystick.o(i.Int_Joystick_Get)
    Int_Joystick_Init                        0x08001f31   Thumb Code    14  int_joystick.o(i.Int_Joystick_Init)
    Int_Key_get                              0x08001f49   Thumb Code   372  int_key.o(i.Int_Key_get)
    Int_SI24R1_Check                         0x080020c1   Thumb Code    64  int_si24r1.o(i.Int_SI24R1_Check)
    Int_SI24R1_Init                          0x08002109   Thumb Code   136  int_si24r1.o(i.Int_SI24R1_Init)
    Int_SI24R1_READ_REG                      0x080021c9   Thumb Code    44  int_si24r1.o(i.Int_SI24R1_READ_REG)
    Int_SI24R1_RX_Mode                       0x080021f9   Thumb Code    90  int_si24r1.o(i.Int_SI24R1_RX_Mode)
    Int_SI24R1_Read_Buf                      0x0800225d   Thumb Code    66  int_si24r1.o(i.Int_SI24R1_Read_Buf)
    Int_SI24R1_TX_Mode                       0x080022a5   Thumb Code    82  int_si24r1.o(i.Int_SI24R1_TX_Mode)
    Int_SI24R1_TxPacket                      0x08002301   Thumb Code   112  int_si24r1.o(i.Int_SI24R1_TxPacket)
    Int_SI24R1_WRITE_REG                     0x08002375   Thumb Code    46  int_si24r1.o(i.Int_SI24R1_WRITE_REG)
    Int_SI24R1_Write_Buf                     0x080023a9   Thumb Code    66  int_si24r1.o(i.Int_SI24R1_Write_Buf)
    MX_ADC1_Init                             0x080023f1   Thumb Code   150  adc.o(i.MX_ADC1_Init)
    MX_DMA_Init                              0x08002491   Thumb Code    48  dma.o(i.MX_DMA_Init)
    MX_GPIO_Init                             0x080024c5   Thumb Code   228  gpio.o(i.MX_GPIO_Init)
    MX_SPI1_Init                             0x080025b5   Thumb Code    60  spi.o(i.MX_SPI1_Init)
    MX_USART1_UART_Init                      0x080025f9   Thumb Code    46  usart.o(i.MX_USART1_UART_Init)
    MemManage_Handler                        0x08002631   Thumb Code     4  stm32f1xx_it.o(i.MemManage_Handler)
    NMI_Handler                              0x08002635   Thumb Code     4  stm32f1xx_it.o(i.NMI_Handler)
    Power_Task                               0x08002639   Thumb Code    30  app_freertos_task.o(i.Power_Task)
    SysTick_Handler                          0x080027c9   Thumb Code    20  stm32f1xx_it.o(i.SysTick_Handler)
    SystemClock_Config                       0x080027dd   Thumb Code   132  main.o(i.SystemClock_Config)
    SystemInit                               0x08002861   Thumb Code     2  system_stm32f1xx.o(i.SystemInit)
    UsageFault_Handler                       0x08002a59   Thumb Code     4  stm32f1xx_it.o(i.UsageFault_Handler)
    __0printf$3                              0x08002a5d   Thumb Code    22  printf3.o(i.__0printf$3)
    __1printf$3                              0x08002a5d   Thumb Code     0  printf3.o(i.__0printf$3)
    __2printf                                0x08002a5d   Thumb Code     0  printf3.o(i.__0printf$3)
    __scatterload_copy                       0x08002ab5   Thumb Code    14  handlers.o(i.__scatterload_copy)
    __scatterload_null                       0x08002ac3   Thumb Code     2  handlers.o(i.__scatterload_null)
    __scatterload_zeroinit                   0x08002ac5   Thumb Code    14  handlers.o(i.__scatterload_zeroinit)
    fputc                                    0x08002c8d   Thumb Code    22  com_debug.o(i.fputc)
    joystick_Task                            0x08002ca9   Thumb Code   172  app_freertos_task.o(i.joystick_Task)
    key_Task                                 0x08002d99   Thumb Code   146  app_freertos_task.o(i.key_Task)
    main                                     0x08002e5d   Thumb Code   146  main.o(i.main)
    pvPortMalloc                             0x08003349   Thumb Code   208  heap_4.o(i.pvPortMalloc)
    pxPortInitialiseStack                    0x0800342d   Thumb Code    30  port.o(i.pxPortInitialiseStack)
    uxListRemove                             0x08003451   Thumb Code    40  list.o(i.uxListRemove)
    vListInitialise                          0x08003479   Thumb Code    26  list.o(i.vListInitialise)
    vListInitialiseItem                      0x08003493   Thumb Code     6  list.o(i.vListInitialiseItem)
    vListInsert                              0x08003499   Thumb Code    52  list.o(i.vListInsert)
    vPortEnterCritical                       0x080034cd   Thumb Code    30  port.o(i.vPortEnterCritical)
    vPortExitCritical                        0x080034f1   Thumb Code    28  port.o(i.vPortExitCritical)
    vPortFree                                0x08003511   Thumb Code    68  heap_4.o(i.vPortFree)
    vPortSetupTimerInterrupt                 0x0800355d   Thumb Code    20  port.o(i.vPortSetupTimerInterrupt)
    vTaskDelay                               0x08003575   Thumb Code    46  tasks.o(i.vTaskDelay)
    vTaskStartScheduler                      0x080035a9   Thumb Code    76  tasks.o(i.vTaskStartScheduler)
    vTaskSuspendAll                          0x08003615   Thumb Code    12  tasks.o(i.vTaskSuspendAll)
    vTaskSwitchContext                       0x08003625   Thumb Code    76  tasks.o(i.vTaskSwitchContext)
    xPortStartScheduler                      0x08003685   Thumb Code    42  port.o(i.xPortStartScheduler)
    xPortSysTickHandler                      0x080036b9   Thumb Code    46  port.o(i.xPortSysTickHandler)
    xTaskCreate                              0x080036ed   Thumb Code   104  tasks.o(i.xTaskCreate)
    xTaskDelayUntil                          0x08003755   Thumb Code   108  tasks.o(i.xTaskDelayUntil)
    xTaskGetSchedulerState                   0x080037c9   Thumb Code    24  tasks.o(i.xTaskGetSchedulerState)
    xTaskGetTickCount                        0x080037e9   Thumb Code     6  tasks.o(i.xTaskGetTickCount)
    xTaskIncrementTick                       0x080037f5   Thumb Code   356  tasks.o(i.xTaskIncrementTick)
    xTaskResumeAll                           0x08003985   Thumb Code   310  tasks.o(i.xTaskResumeAll)
    AHBPrescTable                            0x08003af2   Data          16  system_stm32f1xx.o(.constdata)
    APBPrescTable                            0x08003b02   Data           8  system_stm32f1xx.o(.constdata)
    Region$$Table$$Base                      0x08003b10   Number         0  anon$$obj.o(Region$$Table)
    Region$$Table$$Limit                     0x08003b30   Number         0  anon$$obj.o(Region$$Table)
    uwTick                                   0x20000000   Data           4  stm32f1xx_hal.o(.data)
    uwTickPrio                               0x20000004   Data           4  stm32f1xx_hal.o(.data)
    uwTickFreq                               0x20000008   Data           1  stm32f1xx_hal.o(.data)
    SystemCoreClock                          0x2000000c   Data           4  system_stm32f1xx.o(.data)
    pxCurrentTCB                             0x20000010   Data           4  tasks.o(.data)
    uxTopUsedPriority                        0x20000048   Data           4  tasks.o(.data)
    joystick                                 0x20000070   Data           8  app_freertos_task.o(.data)
    power_taskHandle                         0x20000078   Data           4  app_freertos_task.o(.data)
    key_task_handle                          0x2000007c   Data           4  app_freertos_task.o(.data)
    joystick_task_handle                     0x20000080   Data           4  app_freertos_task.o(.data)
    com_task_handle                          0x20000084   Data           4  app_freertos_task.o(.data)
    si24r1_rx_buff                           0x20000088   Data           5  int_si24r1.o(.data)
    adc_buf                                  0x2000008e   Data           8  int_joystick.o(.data)
    __stdout                                 0x20000098   Data           4  stdout.o(.data)
    hadc1                                    0x2000009c   Data          48  adc.o(.bss)
    hdma_adc1                                0x200000cc   Data          68  adc.o(.bss)
    hspi1                                    0x20000110   Data          88  spi.o(.bss)
    huart1                                   0x20000168   Data          72  usart.o(.bss)
    com_buff                                 0x20003278   Data          32  app_freertos_task.o(.bss)
    __initial_sp                             0x20003698   Data           0  startup_stm32f103xb.o(STACK)



==============================================================================

Memory Map of the image

  Image Entry point : 0x080000ed

  Load Region LR_IROM1 (Base: 0x08000000, Size: 0x00003bcc, Max: 0x00010000, ABSOLUTE)

    Execution Region ER_IROM1 (Exec base: 0x08000000, Load base: 0x08000000, Size: 0x00003b30, Max: 0x00010000, ABSOLUTE)

    Exec Addr    Load Addr    Size         Type   Attr      Idx    E Section Name        Object

    0x08000000   0x08000000   0x000000ec   Data   RO            3    RESET               startup_stm32f103xb.o
    0x080000ec   0x080000ec   0x00000000   Code   RO         3653  * .ARM.Collect$$$$00000000  mc_w.l(entry.o)
    0x080000ec   0x080000ec   0x00000004   Code   RO         3927    .ARM.Collect$$$$00000001  mc_w.l(entry2.o)
    0x080000f0   0x080000f0   0x00000004   Code   RO         3930    .ARM.Collect$$$$00000004  mc_w.l(entry5.o)
    0x080000f4   0x080000f4   0x00000000   Code   RO         3932    .ARM.Collect$$$$00000008  mc_w.l(entry7b.o)
    0x080000f4   0x080000f4   0x00000000   Code   RO         3934    .ARM.Collect$$$$0000000A  mc_w.l(entry8b.o)
    0x080000f4   0x080000f4   0x00000008   Code   RO         3935    .ARM.Collect$$$$0000000B  mc_w.l(entry9a.o)
    0x080000fc   0x080000fc   0x00000000   Code   RO         3937    .ARM.Collect$$$$0000000D  mc_w.l(entry10a.o)
    0x080000fc   0x080000fc   0x00000000   Code   RO         3939    .ARM.Collect$$$$0000000F  mc_w.l(entry11a.o)
    0x080000fc   0x080000fc   0x00000004   Code   RO         3928    .ARM.Collect$$$$00002712  mc_w.l(entry2.o)
    0x08000100   0x08000100   0x00000096   Code   RO         3344    .emb_text           port.o
    0x08000196   0x08000196   0x00000002   PAD
    0x08000198   0x08000198   0x00000024   Code   RO            4    .text               startup_stm32f103xb.o
    0x080001bc   0x080001bc   0x00000024   Code   RO         3660    .text               mc_w.l(memseta.o)
    0x080001e0   0x080001e0   0x00000020   Code   RO         3662    .text               mc_w.l(strrchr.o)
    0x08000200   0x08000200   0x0000002c   Code   RO         3942    .text               mc_w.l(uidiv.o)
    0x0800022c   0x0800022c   0x00000024   Code   RO         3957    .text               mc_w.l(init.o)
    0x08000250   0x08000250   0x0000005c   Code   RO          511    i.ADC_ConversionStop_Disable  stm32f1xx_hal_adc.o
    0x080002ac   0x080002ac   0x00000052   Code   RO          512    i.ADC_DMAConvCplt   stm32f1xx_hal_adc.o
    0x080002fe   0x080002fe   0x0000001e   Code   RO          513    i.ADC_DMAError      stm32f1xx_hal_adc.o
    0x0800031c   0x0800031c   0x0000000e   Code   RO          514    i.ADC_DMAHalfConvCplt  stm32f1xx_hal_adc.o
    0x0800032a   0x0800032a   0x00000002   PAD
    0x0800032c   0x0800032c   0x00000090   Code   RO          515    i.ADC_Enable        stm32f1xx_hal_adc.o
    0x080003bc   0x080003bc   0x000000ac   Code   RO         3418    i.App_FreeRTOS_Task_Init  app_freertos_task.o
    0x08000468   0x08000468   0x00000004   Code   RO          381    i.BusFault_Handler  stm32f1xx_it.o
    0x0800046c   0x0800046c   0x0000002c   Code   RO         3419    i.Com_Task          app_freertos_task.o
    0x08000498   0x08000498   0x00000010   Code   RO          382    i.DMA1_Channel1_IRQHandler  stm32f1xx_it.o
    0x080004a8   0x080004a8   0x0000002c   Code   RO         1172    i.DMA_SetConfig     stm32f1xx_hal_dma.o
    0x080004d4   0x080004d4   0x00000002   Code   RO          383    i.DebugMon_Handler  stm32f1xx_it.o
    0x080004d6   0x080004d6   0x00000006   Code   RO           13    i.Error_Handler     main.o
    0x080004dc   0x080004dc   0x00000160   Code   RO          517    i.HAL_ADC_ConfigChannel  stm32f1xx_hal_adc.o
    0x0800063c   0x0800063c   0x00000002   Code   RO          518    i.HAL_ADC_ConvCpltCallback  stm32f1xx_hal_adc.o
    0x0800063e   0x0800063e   0x00000002   Code   RO          519    i.HAL_ADC_ConvHalfCpltCallback  stm32f1xx_hal_adc.o
    0x08000640   0x08000640   0x00000002   Code   RO          521    i.HAL_ADC_ErrorCallback  stm32f1xx_hal_adc.o
    0x08000642   0x08000642   0x00000002   PAD
    0x08000644   0x08000644   0x00000144   Code   RO          526    i.HAL_ADC_Init      stm32f1xx_hal_adc.o
    0x08000788   0x08000788   0x000000b0   Code   RO          232    i.HAL_ADC_MspInit   adc.o
    0x08000838   0x08000838   0x00000180   Code   RO          533    i.HAL_ADC_Start_DMA  stm32f1xx_hal_adc.o
    0x080009b8   0x080009b8   0x0000019c   Code   RO         1178    i.HAL_DMA_IRQHandler  stm32f1xx_hal_dma.o
    0x08000b54   0x08000b54   0x00000068   Code   RO         1179    i.HAL_DMA_Init      stm32f1xx_hal_dma.o
    0x08000bbc   0x08000bbc   0x0000009c   Code   RO         1183    i.HAL_DMA_Start_IT  stm32f1xx_hal_dma.o
    0x08000c58   0x08000c58   0x00000028   Code   RO          794    i.HAL_Delay         stm32f1xx_hal.o
    0x08000c80   0x08000c80   0x00000320   Code   RO         1109    i.HAL_GPIO_Init     stm32f1xx_hal_gpio.o
    0x08000fa0   0x08000fa0   0x00000010   Code   RO         1111    i.HAL_GPIO_ReadPin  stm32f1xx_hal_gpio.o
    0x08000fb0   0x08000fb0   0x0000000c   Code   RO         1113    i.HAL_GPIO_WritePin  stm32f1xx_hal_gpio.o
    0x08000fbc   0x08000fbc   0x0000000c   Code   RO          798    i.HAL_GetTick       stm32f1xx_hal.o
    0x08000fc8   0x08000fc8   0x00000018   Code   RO          804    i.HAL_IncTick       stm32f1xx_hal.o
    0x08000fe0   0x08000fe0   0x00000028   Code   RO          805    i.HAL_Init          stm32f1xx_hal.o
    0x08001008   0x08001008   0x0000004c   Code   RO          806    i.HAL_InitTick      stm32f1xx_hal.o
    0x08001054   0x08001054   0x00000054   Code   RO          451    i.HAL_MspInit       stm32f1xx_hal_msp.o
    0x080010a8   0x080010a8   0x00000020   Code   RO         1269    i.HAL_NVIC_EnableIRQ  stm32f1xx_hal_cortex.o
    0x080010c8   0x080010c8   0x0000007c   Code   RO         1275    i.HAL_NVIC_SetPriority  stm32f1xx_hal_cortex.o
    0x08001144   0x08001144   0x00000028   Code   RO         1276    i.HAL_NVIC_SetPriorityGrouping  stm32f1xx_hal_cortex.o
    0x0800116c   0x0800116c   0x00000130   Code   RO         1071    i.HAL_RCCEx_PeriphCLKConfig  stm32f1xx_hal_rcc_ex.o
    0x0800129c   0x0800129c   0x0000018c   Code   RO          962    i.HAL_RCC_ClockConfig  stm32f1xx_hal_rcc.o
    0x08001428   0x08001428   0x0000000c   Code   RO          967    i.HAL_RCC_GetHCLKFreq  stm32f1xx_hal_rcc.o
    0x08001434   0x08001434   0x00000020   Code   RO          969    i.HAL_RCC_GetPCLK1Freq  stm32f1xx_hal_rcc.o
    0x08001454   0x08001454   0x00000020   Code   RO          970    i.HAL_RCC_GetPCLK2Freq  stm32f1xx_hal_rcc.o
    0x08001474   0x08001474   0x00000070   Code   RO          971    i.HAL_RCC_GetSysClockFreq  stm32f1xx_hal_rcc.o
    0x080014e4   0x080014e4   0x00000464   Code   RO          974    i.HAL_RCC_OscConfig  stm32f1xx_hal_rcc.o
    0x08001948   0x08001948   0x000000be   Code   RO         1806    i.HAL_SPI_Init      stm32f1xx_hal_spi.o
    0x08001a06   0x08001a06   0x00000002   PAD
    0x08001a08   0x08001a08   0x0000009c   Code   RO          298    i.HAL_SPI_MspInit   spi.o
    0x08001aa4   0x08001aa4   0x00000248   Code   RO         1815    i.HAL_SPI_TransmitReceive  stm32f1xx_hal_spi.o
    0x08001cec   0x08001cec   0x00000034   Code   RO         1280    i.HAL_SYSTICK_Config  stm32f1xx_hal_cortex.o
    0x08001d20   0x08001d20   0x00000076   Code   RO         2147    i.HAL_UART_Init     stm32f1xx_hal_uart.o
    0x08001d96   0x08001d96   0x00000002   PAD
    0x08001d98   0x08001d98   0x00000088   Code   RO          340    i.HAL_UART_MspInit  usart.o
    0x08001e20   0x08001e20   0x000000be   Code   RO         2155    i.HAL_UART_Transmit  stm32f1xx_hal_uart.o
    0x08001ede   0x08001ede   0x00000004   Code   RO          384    i.HardFault_Handler  stm32f1xx_it.o
    0x08001ee2   0x08001ee2   0x00000002   PAD
    0x08001ee4   0x08001ee4   0x00000024   Code   RO         3476    i.Int_IP5305T_start  int_ip5305t.o
    0x08001f08   0x08001f08   0x00000028   Code   RO         3620    i.Int_Joystick_Get  int_joystick.o
    0x08001f30   0x08001f30   0x00000018   Code   RO         3621    i.Int_Joystick_Init  int_joystick.o
    0x08001f48   0x08001f48   0x00000178   Code   RO         3593    i.Int_Key_get       int_key.o
    0x080020c0   0x080020c0   0x00000048   Code   RO         3503    i.Int_SI24R1_Check  int_si24r1.o
    0x08002108   0x08002108   0x000000c0   Code   RO         3504    i.Int_SI24R1_Init   int_si24r1.o
    0x080021c8   0x080021c8   0x00000030   Code   RO         3505    i.Int_SI24R1_READ_REG  int_si24r1.o
    0x080021f8   0x080021f8   0x00000064   Code   RO         3506    i.Int_SI24R1_RX_Mode  int_si24r1.o
    0x0800225c   0x0800225c   0x00000048   Code   RO         3507    i.Int_SI24R1_Read_Buf  int_si24r1.o
    0x080022a4   0x080022a4   0x0000005c   Code   RO         3509    i.Int_SI24R1_TX_Mode  int_si24r1.o
    0x08002300   0x08002300   0x00000074   Code   RO         3510    i.Int_SI24R1_TxPacket  int_si24r1.o
    0x08002374   0x08002374   0x00000034   Code   RO         3511    i.Int_SI24R1_WRITE_REG  int_si24r1.o
    0x080023a8   0x080023a8   0x00000048   Code   RO         3512    i.Int_SI24R1_Write_Buf  int_si24r1.o
    0x080023f0   0x080023f0   0x000000a0   Code   RO          233    i.MX_ADC1_Init      adc.o
    0x08002490   0x08002490   0x00000034   Code   RO          273    i.MX_DMA_Init       dma.o
    0x080024c4   0x080024c4   0x000000f0   Code   RO          207    i.MX_GPIO_Init      gpio.o
    0x080025b4   0x080025b4   0x00000044   Code   RO          299    i.MX_SPI1_Init      spi.o
    0x080025f8   0x080025f8   0x00000038   Code   RO          341    i.MX_USART1_UART_Init  usart.o
    0x08002630   0x08002630   0x00000004   Code   RO          385    i.MemManage_Handler  stm32f1xx_it.o
    0x08002634   0x08002634   0x00000004   Code   RO          386    i.NMI_Handler       stm32f1xx_it.o
    0x08002638   0x08002638   0x0000001e   Code   RO         3420    i.Power_Task        app_freertos_task.o
    0x08002656   0x08002656   0x00000002   PAD
    0x08002658   0x08002658   0x00000028   Code   RO          975    i.RCC_Delay         stm32f1xx_hal_rcc.o
    0x08002680   0x08002680   0x00000044   Code   RO         1844    i.SPI_EndRxTxTransaction  stm32f1xx_hal_spi.o
    0x080026c4   0x080026c4   0x0000002c   Code   RO         3513    i.SPI_RW            int_si24r1.o
    0x080026f0   0x080026f0   0x000000d8   Code   RO         1849    i.SPI_WaitFlagStateUntilTimeout  stm32f1xx_hal_spi.o
    0x080027c8   0x080027c8   0x00000014   Code   RO          387    i.SysTick_Handler   stm32f1xx_it.o
    0x080027dc   0x080027dc   0x00000084   Code   RO           14    i.SystemClock_Config  main.o
    0x08002860   0x08002860   0x00000002   Code   RO         2491    i.SystemInit        system_stm32f1xx.o
    0x08002862   0x08002862   0x0000006c   Code   RO         2170    i.UART_EndRxTransfer  stm32f1xx_hal_uart.o
    0x080028ce   0x080028ce   0x00000002   PAD
    0x080028d0   0x080028d0   0x000000fc   Code   RO         2174    i.UART_SetConfig    stm32f1xx_hal_uart.o
    0x080029cc   0x080029cc   0x0000008c   Code   RO         2178    i.UART_WaitOnFlagUntilTimeout  stm32f1xx_hal_uart.o
    0x08002a58   0x08002a58   0x00000004   Code   RO          388    i.UsageFault_Handler  stm32f1xx_it.o
    0x08002a5c   0x08002a5c   0x00000020   Code   RO         3755    i.__0printf$3       mc_w.l(printf3.o)
    0x08002a7c   0x08002a7c   0x00000010   Code   RO         1282    i.__NVIC_GetPriorityGrouping  stm32f1xx_hal_cortex.o
    0x08002a8c   0x08002a8c   0x00000028   Code   RO         1283    i.__NVIC_SetPriority  stm32f1xx_hal_cortex.o
    0x08002ab4   0x08002ab4   0x0000000e   Code   RO         3967    i.__scatterload_copy  mc_w.l(handlers.o)
    0x08002ac2   0x08002ac2   0x00000002   Code   RO         3968    i.__scatterload_null  mc_w.l(handlers.o)
    0x08002ac4   0x08002ac4   0x0000000e   Code   RO         3969    i.__scatterload_zeroinit  mc_w.l(handlers.o)
    0x08002ad2   0x08002ad2   0x00000002   PAD
    0x08002ad4   0x08002ad4   0x000001b8   Code   RO         3762    i._printf_core      mc_w.l(printf3.o)
    0x08002c8c   0x08002c8c   0x0000001c   Code   RO         2527    i.fputc             com_debug.o
    0x08002ca8   0x08002ca8   0x000000f0   Code   RO         3421    i.joystick_Task     app_freertos_task.o
    0x08002d98   0x08002d98   0x000000c4   Code   RO         3422    i.key_Task          app_freertos_task.o
    0x08002e5c   0x08002e5c   0x000000c0   Code   RO           15    i.main              main.o
    0x08002f1c   0x08002f1c   0x000000c0   Code   RO         2971    i.prvAddCurrentTaskToDelayedList  tasks.o
    0x08002fdc   0x08002fdc   0x000000e4   Code   RO         2972    i.prvAddNewTaskToReadyList  tasks.o
    0x080030c0   0x080030c0   0x00000048   Code   RO         2973    i.prvCheckTasksWaitingTermination  tasks.o
    0x08003108   0x08003108   0x00000012   Code   RO         2974    i.prvDeleteTCB      tasks.o
    0x0800311a   0x0800311a   0x00000002   PAD
    0x0800311c   0x0800311c   0x00000070   Code   RO         3283    i.prvHeapInit       heap_4.o
    0x0800318c   0x0800318c   0x00000028   Code   RO         2975    i.prvIdleTask       tasks.o
    0x080031b4   0x080031b4   0x0000007a   Code   RO         2976    i.prvInitialiseNewTask  tasks.o
    0x0800322e   0x0800322e   0x00000002   PAD
    0x08003230   0x08003230   0x00000068   Code   RO         2977    i.prvInitialiseTaskLists  tasks.o
    0x08003298   0x08003298   0x00000068   Code   RO         3284    i.prvInsertBlockIntoFreeList  heap_4.o
    0x08003300   0x08003300   0x00000030   Code   RO         2978    i.prvResetNextTaskUnblockTime  tasks.o
    0x08003330   0x08003330   0x00000016   Code   RO         3345    i.prvTaskExitError  port.o
    0x08003346   0x08003346   0x00000002   PAD
    0x08003348   0x08003348   0x000000e4   Code   RO         3286    i.pvPortMalloc      heap_4.o
    0x0800342c   0x0800342c   0x00000024   Code   RO         3346    i.pxPortInitialiseStack  port.o
    0x08003450   0x08003450   0x00000028   Code   RO         2652    i.uxListRemove      list.o
    0x08003478   0x08003478   0x0000001a   Code   RO         2653    i.vListInitialise   list.o
    0x08003492   0x08003492   0x00000006   Code   RO         2654    i.vListInitialiseItem  list.o
    0x08003498   0x08003498   0x00000034   Code   RO         2655    i.vListInsert       list.o
    0x080034cc   0x080034cc   0x00000024   Code   RO         3348    i.vPortEnterCritical  port.o
    0x080034f0   0x080034f0   0x00000020   Code   RO         3349    i.vPortExitCritical  port.o
    0x08003510   0x08003510   0x0000004c   Code   RO         3287    i.vPortFree         heap_4.o
    0x0800355c   0x0800355c   0x00000018   Code   RO         3350    i.vPortSetupTimerInterrupt  port.o
    0x08003574   0x08003574   0x00000034   Code   RO         2986    i.vTaskDelay        tasks.o
    0x080035a8   0x080035a8   0x0000006c   Code   RO         2998    i.vTaskStartScheduler  tasks.o
    0x08003614   0x08003614   0x00000010   Code   RO         3000    i.vTaskSuspendAll   tasks.o
    0x08003624   0x08003624   0x00000060   Code   RO         3001    i.vTaskSwitchContext  tasks.o
    0x08003684   0x08003684   0x00000034   Code   RO         3351    i.xPortStartScheduler  port.o
    0x080036b8   0x080036b8   0x00000034   Code   RO         3352    i.xPortSysTickHandler  port.o
    0x080036ec   0x080036ec   0x00000068   Code   RO         3004    i.xTaskCreate       tasks.o
    0x08003754   0x08003754   0x00000074   Code   RO         3005    i.xTaskDelayUntil   tasks.o
    0x080037c8   0x080037c8   0x00000020   Code   RO         3011    i.xTaskGetSchedulerState  tasks.o
    0x080037e8   0x080037e8   0x0000000c   Code   RO         3012    i.xTaskGetTickCount  tasks.o
    0x080037f4   0x080037f4   0x00000190   Code   RO         3014    i.xTaskIncrementTick  tasks.o
    0x08003984   0x08003984   0x0000015c   Code   RO         3016    i.xTaskResumeAll    tasks.o
    0x08003ae0   0x08003ae0   0x00000012   Data   RO          976    .constdata          stm32f1xx_hal_rcc.o
    0x08003af2   0x08003af2   0x00000018   Data   RO         2492    .constdata          system_stm32f1xx.o
    0x08003b0a   0x08003b0a   0x00000005   Data   RO         3514    .constdata          int_si24r1.o
    0x08003b0f   0x08003b0f   0x00000001   PAD
    0x08003b10   0x08003b10   0x00000020   Data   RO         3965    Region$$Table       anon$$obj.o


    Execution Region RW_IRAM1 (Exec base: 0x20000000, Load base: 0x08003b30, Size: 0x00003698, Max: 0x00005000, ABSOLUTE)

    Exec Addr    Load Addr    Size         Type   Attr      Idx    E Section Name        Object

    0x20000000   0x08003b30   0x00000009   Data   RW          812    .data               stm32f1xx_hal.o
    0x20000009   0x08003b39   0x00000003   PAD
    0x2000000c   0x08003b3c   0x00000004   Data   RW         2493    .data               system_stm32f1xx.o
    0x20000010   0x08003b40   0x00000040   Data   RW         3019    .data               tasks.o
    0x20000050   0x08003b80   0x0000001c   Data   RW         3293    .data               heap_4.o
    0x2000006c   0x08003b9c   0x00000004   Data   RW         3353    .data               port.o
    0x20000070   0x08003ba0   0x00000018   Data   RW         3424    .data               app_freertos_task.o
    0x20000088   0x08003bb8   0x00000005   Data   RW         3515    .data               int_si24r1.o
    0x2000008d   0x08003bbd   0x00000001   PAD
    0x2000008e   0x08003bbe   0x00000008   Data   RW         3622    .data               int_joystick.o
    0x20000096   0x08003bc6   0x00000002   PAD
    0x20000098   0x08003bc8   0x00000004   Data   RW         3941    .data               mc_w.l(stdout.o)
    0x2000009c        -       0x00000074   Zero   RW          234    .bss                adc.o
    0x20000110        -       0x00000058   Zero   RW          300    .bss                spi.o
    0x20000168        -       0x00000048   Zero   RW          342    .bss                usart.o
    0x200001b0        -       0x000000c8   Zero   RW         3018    .bss                tasks.o
    0x20000278        -       0x00003000   Zero   RW         3292    .bss                heap_4.o
    0x20003278        -       0x00000020   Zero   RW         3423    .bss                app_freertos_task.o
    0x20003298        -       0x00000400   Zero   RW            1    STACK               startup_stm32f103xb.o


==============================================================================

Image component sizes


      Code (inc. data)   RO Data    RW Data    ZI Data      Debug   Object Name

       336         32          0          0        116       1779   adc.o
       682        208          0         24         32       4394   app_freertos_task.o
        28          6          0          0          0        500   com_debug.o
        52          4          0          0          0        730   dma.o
         0          0          0          0          0       2500   event_groups.o
       240         12          0          0          0        971   gpio.o
       520         58          0         28      12288       4439   heap_4.o
        36          4          0          0          0        456   int_ip5305t.o
        64         16          0          8          0       1881   int_joystick.o
       376          4          0          0          0       1274   int_key.o
       860        116          5          5          0       6308   int_si24r1.o
       124          0          0          0          0       2493   list.o
       330         46          0          0          0     432232   main.o
       404         48          0          4          0       8756   port.o
       224         26          0          0         88       1669   spi.o
        36          8        236          0       1024        796   startup_stm32f103xb.o
       192         36          0          9          0       5841   stm32f1xx_hal.o
      1428         56          0          0          0       8262   stm32f1xx_hal_adc.o
       304         22          0          0          0      29367   stm32f1xx_hal_cortex.o
       716          8          0          0          0       3455   stm32f1xx_hal_dma.o
       828         34          0          0          0       3287   stm32f1xx_hal_gpio.o
        84          8          0          0          0        882   stm32f1xx_hal_msp.o
      1748         98         18          0          0       5912   stm32f1xx_hal_rcc.o
       304         14          0          0          0       1388   stm32f1xx_hal_rcc_ex.o
      1058          6          0          0          0       4405   stm32f1xx_hal_spi.o
       808          4          0          0          0       4340   stm32f1xx_hal_uart.o
        58          6          0          0          0       3510   stm32f1xx_it.o
         2          0         24          4          0       1095   system_stm32f1xx.o
      2108        284          0         64        200      27202   tasks.o
       192         24          0          0         72       1634   usart.o

    ----------------------------------------------------------------------
     14164       1188        316        152      13820     571758   Object Totals
         0          0         32          0          0          0   (incl. Generated)
        22          0          1          6          0          0   (incl. Padding)

    ----------------------------------------------------------------------

      Code (inc. data)   RO Data    RW Data    ZI Data      Debug   Library Member Name

         0          0          0          0          0          0   entry.o
         0          0          0          0          0          0   entry10a.o
         0          0          0          0          0          0   entry11a.o
         8          4          0          0          0          0   entry2.o
         4          0          0          0          0          0   entry5.o
         0          0          0          0          0          0   entry7b.o
         0          0          0          0          0          0   entry8b.o
         8          4          0          0          0          0   entry9a.o
        30          0          0          0          0          0   handlers.o
        36          8          0          0          0         68   init.o
        36          0          0          0          0        108   memseta.o
       472         14          0          0          0        184   printf3.o
         0          0          0          4          0          0   stdout.o
        32          0          0          0          0         68   strrchr.o
        44          0          0          0          0         80   uidiv.o

    ----------------------------------------------------------------------
       672         30          0          4          0        508   Library Totals
         2          0          0          0          0          0   (incl. Padding)

    ----------------------------------------------------------------------

      Code (inc. data)   RO Data    RW Data    ZI Data      Debug   Library Name

       670         30          0          4          0        508   mc_w.l

    ----------------------------------------------------------------------
       672         30          0          4          0        508   Library Totals

    ----------------------------------------------------------------------

==============================================================================


      Code (inc. data)   RO Data    RW Data    ZI Data      Debug   

     14836       1218        316        156      13820     566230   Grand Totals
     14836       1218        316        156      13820     566230   ELF Image Totals
     14836       1218        316        156          0          0   ROM Totals

==============================================================================

    Total RO  Size (Code + RO Data)                15152 (  14.80kB)
    Total RW  Size (RW Data + ZI Data)             13976 (  13.65kB)
    Total ROM Size (Code + RO Data + RW Data)      15308 (  14.95kB)

==============================================================================

